Archive member included to satisfy reference by file (symbol)

/home/roman/RIOT/examples-miem/distance-gps/bin/unwd-range-l1-r3/core.a(sched.o)
                              /home/roman/RIOT/examples-miem/distance-gps/bin/unwd-range-l1-r3/newlib_syscalls_default/syscalls.o (sched_active_pid)
/home/roman/RIOT/examples-miem/distance-gps/bin/unwd-range-l1-r3/cortexm_common.a(thread_arch.o)
                              /home/roman/RIOT/examples-miem/distance-gps/bin/unwd-range-l1-r3/core.a(sched.o) (cpu_switch_context_exit)
/home/roman/RIOT/examples-miem/distance-gps/bin/unwd-range-l1-r3/cortexm_common.a(vectors_cortexm.o)
                              /home/roman/RIOT/examples-miem/distance-gps/bin/unwd-range-l1-r3/cpu/vectors.o (dummy_handler_default)
/home/roman/RIOT/examples-miem/distance-gps/bin/unwd-range-l1-r3/cortexm_common.a(irq_arch.o)
                              /home/roman/RIOT/examples-miem/distance-gps/bin/unwd-range-l1-r3/newlib_syscalls_default/syscalls.o (irq_disable)
/home/roman/RIOT/examples-miem/distance-gps/bin/unwd-range-l1-r3/div.a(div.o)
                              /home/roman/RIOT/examples-miem/distance-gps/bin/unwd-range-l1-r3/newlib_syscalls_default/syscalls.o (_div_mulhi64)
/home/roman/RIOT/examples-miem/distance-gps/bin/unwd-range-l1-r3/stdio_uart.a(stdio_uart.o)
                              /home/roman/RIOT/examples-miem/distance-gps/bin/unwd-range-l1-r3/newlib_syscalls_default/syscalls.o (stdio_init)
/home/roman/RIOT/examples-miem/distance-gps/bin/unwd-range-l1-r3/stm32_common_periph.a(uart.o)
                              /home/roman/RIOT/examples-miem/distance-gps/bin/unwd-range-l1-r3/stdio_uart.a(stdio_uart.o) (uart_write)
/home/roman/RIOT/examples-miem/distance-gps/bin/unwd-range-l1-r3/stm32_common_periph.a(pm.o)
                              /home/roman/RIOT/examples-miem/distance-gps/bin/unwd-range-l1-r3/newlib_syscalls_default/syscalls.o (pm_off)
/home/roman/RIOT/examples-miem/distance-gps/bin/unwd-range-l1-r3/stm32_common_periph.a(gpio.o)
                              /home/roman/RIOT/examples-miem/distance-gps/bin/unwd-range-l1-r3/stm32_common_periph.a(uart.o) (gpio_init)
/home/roman/RIOT/examples-miem/distance-gps/bin/unwd-range-l1-r3/xtimer.a(xtimer_core.o)
                              /home/roman/RIOT/examples-miem/distance-gps/bin/unwd-range-l1-r3/newlib_syscalls_default/syscalls.o (_xtimer_now64)
/home/roman/RIOT/examples-miem/distance-gps/bin/unwd-range-l1-r3/boards_common_unwd.a(board.o)
                              /home/roman/RIOT/examples-miem/distance-gps/bin/unwd-range-l1-r3/cortexm_common.a(vectors_cortexm.o) (board_init)
/home/roman/RIOT/examples-miem/distance-gps/bin/unwd-range-l1-r3/core.a(panic.o)
                              /home/roman/RIOT/examples-miem/distance-gps/bin/unwd-range-l1-r3/cortexm_common.a(vectors_cortexm.o) (core_panic)
/home/roman/RIOT/examples-miem/distance-gps/bin/unwd-range-l1-r3/core.a(kernel_init.o)
                              /home/roman/RIOT/examples-miem/distance-gps/bin/unwd-range-l1-r3/cortexm_common.a(vectors_cortexm.o) (kernel_init)
/home/roman/RIOT/examples-miem/distance-gps/bin/unwd-range-l1-r3/core.a(thread.o)
                              /home/roman/RIOT/examples-miem/distance-gps/bin/unwd-range-l1-r3/core.a(kernel_init.o) (thread_create)
/home/roman/RIOT/examples-miem/distance-gps/bin/unwd-range-l1-r3/cortexm_common.a(cortexm_init.o)
                              /home/roman/RIOT/examples-miem/distance-gps/bin/unwd-range-l1-r3/stm32_common_periph.a(pm.o) (cpu_check_address)
/home/roman/RIOT/examples-miem/distance-gps/bin/unwd-range-l1-r3/isrpipe.a(isrpipe.o)
                              /home/roman/RIOT/examples-miem/distance-gps/bin/unwd-range-l1-r3/stdio_uart.a(stdio_uart.o) (isrpipe_write_one)
/home/roman/RIOT/examples-miem/distance-gps/bin/unwd-range-l1-r3/pm_layered.a(pm.o)
                              /home/roman/RIOT/examples-miem/distance-gps/bin/unwd-range-l1-r3/core.a(kernel_init.o) (pm_set_lowest)
/home/roman/RIOT/examples-miem/distance-gps/bin/unwd-range-l1-r3/stm32_common.a(cpu_init.o)
                              /home/roman/RIOT/examples-miem/distance-gps/bin/unwd-range-l1-r3/boards_common_unwd.a(board.o) (cpu_init)
/home/roman/RIOT/examples-miem/distance-gps/bin/unwd-range-l1-r3/stm32_common.a(stmclk_l0l1.o)
                              /home/roman/RIOT/examples-miem/distance-gps/bin/unwd-range-l1-r3/stm32_common_periph.a(pm.o) (stmclk_init_sysclk)
/home/roman/RIOT/examples-miem/distance-gps/bin/unwd-range-l1-r3/stm32_common.a(cpu_common.o)
                              /home/roman/RIOT/examples-miem/distance-gps/bin/unwd-range-l1-r3/stm32_common_periph.a(uart.o) (periph_apb_clk)
/home/roman/RIOT/examples-miem/distance-gps/bin/unwd-range-l1-r3/stm32_common.a(stm_status.o)
                              /home/roman/RIOT/examples-miem/distance-gps/bin/unwd-range-l1-r3/stm32_common.a(cpu_init.o) (cpu_init_status)
[...]
Memory Configuration

Name             Origin             Length             Attributes
ccmram           0x0000000010000000 0x0000000000000000
rom              0x0000000008000000 0x0000000000080000 xr
ram              0x0000000020000000 0x0000000000014000 w !xr
*default*        0x0000000000000000 0xffffffffffffffff

Linker script and memory map

LOAD /home/roman/RIOT/examples-miem/distance-gps/bin/unwd-range-l1-r3/cpu/vectors.o
LOAD /home/roman/RIOT/examples-miem/distance-gps/bin/unwd-range-l1-r3/newlib_syscalls_default/syscalls.o
START GROUP
LOAD /home/roman/RIOT/examples-miem/distance-gps/bin/unwd-range-l1-r3/application_thread.a
LOAD /home/roman/RIOT/examples-miem/distance-gps/bin/unwd-range-l1-r3/auto_init.a
LOAD /home/roman/RIOT/examples-miem/distance-gps/bin/unwd-range-l1-r3/board.a
LOAD /home/roman/RIOT/examples-miem/distance-gps/bin/unwd-range-l1-r3/boards_common_unwd.a
LOAD /home/roman/RIOT/examples-miem/distance-gps/bin/unwd-range-l1-r3/cmsis-dsp.a
LOAD /home/roman/RIOT/examples-miem/distance-gps/bin/unwd-range-l1-r3/core.a
LOAD /home/roman/RIOT/examples-miem/distance-gps/bin/unwd-range-l1-r3/cortexm_common.a
LOAD /home/roman/RIOT/examples-miem/distance-gps/bin/unwd-range-l1-r3/cortexm_common_periph.a
LOAD /home/roman/RIOT/examples-miem/distance-gps/bin/unwd-range-l1-r3/cpu.a
LOAD /home/roman/RIOT/examples-miem/distance-gps/bin/unwd-range-l1-r3/div.a
LOAD /home/roman/RIOT/examples-miem/distance-gps/bin/unwd-range-l1-r3/isrpipe.a
LOAD /home/roman/RIOT/examples-miem/distance-gps/bin/unwd-range-l1-r3/lptimer.a
LOAD /home/roman/RIOT/examples-miem/distance-gps/bin/unwd-range-l1-r3/newlib_syscalls_default.a
LOAD /home/roman/RIOT/examples-miem/distance-gps/bin/unwd-range-l1-r3/periph.a
LOAD /home/roman/RIOT/examples-miem/distance-gps/bin/unwd-range-l1-r3/pm_layered.a
LOAD /home/roman/RIOT/examples-miem/distance-gps/bin/unwd-range-l1-r3/stdio_uart.a
LOAD /home/roman/RIOT/examples-miem/distance-gps/bin/unwd-range-l1-r3/stm32_common.a
LOAD /home/roman/RIOT/examples-miem/distance-gps/bin/unwd-range-l1-r3/stm32_common_periph.a
LOAD /home/roman/RIOT/examples-miem/distance-gps/bin/unwd-range-l1-r3/sys.a
LOAD /home/roman/RIOT/examples-miem/distance-gps/bin/unwd-range-l1-r3/tsrb.a
LOAD /home/roman/RIOT/examples-miem/distance-gps/bin/unwd-range-l1-r3/xtimer.a
LOAD /home/roman/RIOT/examples-miem/distance-gps/bin/unwd-range-l1-r3/periph_common.a
LOAD /opt/gcc-arm-none-eabi-9-2020-q2-update/bin/../lib/gcc/arm-none-eabi/9.3.1/../../../../arm-none-eabi/lib/thumb/v7-m/nofp/libm.a
END GROUP
LOAD /opt/gcc-arm-none-eabi-9-2020-q2-update/bin/../lib/gcc/arm-none-eabi/9.3.1/thumb/v7-m/nofp/libgcc.a
                0x0000000008000000                _rom_start_addr = 0x8000000
                0x0000000020000000                _ram_start_addr = 0x20000000
                0x0000000000080000                _rom_length = 0x80000
                0x0000000000014000                _ram_length = 0x14000
LOAD /opt/gcc-arm-none-eabi-9-2020-q2-update/bin/../lib/gcc/arm-none-eabi/9.3.1/../../../../arm-none-eabi/lib/thumb/v7-m/nofp/libc_nano.a
START GROUP
LOAD /opt/gcc-arm-none-eabi-9-2020-q2-update/bin/../lib/gcc/arm-none-eabi/9.3.1/thumb/v7-m/nofp/libgcc.a
LOAD /opt/gcc-arm-none-eabi-9-2020-q2-update/bin/../lib/gcc/arm-none-eabi/9.3.1/../../../../arm-none-eabi/lib/thumb/v7-m/nofp/libg_nano.a
LOAD /opt/gcc-arm-none-eabi-9-2020-q2-update/bin/../lib/gcc/arm-none-eabi/9.3.1/../../../../arm-none-eabi/lib/thumb/v7-m/nofp/libc_nano.a
END GROUP
START GROUP
LOAD /opt/gcc-arm-none-eabi-9-2020-q2-update/bin/../lib/gcc/arm-none-eabi/9.3.1/thumb/v7-m/nofp/libgcc.a
LOAD /opt/gcc-arm-none-eabi-9-2020-q2-update/bin/../lib/gcc/arm-none-eabi/9.3.1/../../../../arm-none-eabi/lib/thumb/v7-m/nofp/libc_nano.a
END GROUP
                0x0000000000000000                ccmram_length = DEFINED (ccmram_len)?ccmram_len:0x0
                0x0000000000000000                _rom_offset = DEFINED (_rom_offset)?_rom_offset:0x0
                0x0000000000080000                _fw_rom_length = DEFINED (_fw_rom_length)?_fw_rom_length:(_rom_length - _rom_offset)
                0x0000000000000001                ASSERT ((_fw_rom_length <= (_rom_length - _rom_offset)), Specified firmware size does not fit in ROM)

.text           0x0000000008000000     0x3d84
                0x0000000008000000                . = ALIGN (0x4)
                0x0000000008000000                _sfixed = .
                0x0000000008000000                _isr_vectors = DEFINED (_isr_vectors)?_isr_vectors:.
 *(SORT_BY_NAME(.vectors*))
 .vectors.0     0x0000000008000000       0x40 /home/roman/RIOT/examples-miem/distance-gps/bin/unwd-range-l1-r3/cortexm_common.a(vectors_cortexm.o)
                0x0000000008000000                cortex_vector_base
 .vectors.1     0x0000000008000040       0xe4 /home/roman/RIOT/examples-miem/distance-gps/bin/unwd-range-l1-r3/cpu/vectors.o
                0x0000000008000040                vector_cpu
 *(.text .text.* .gnu.linkonce.t.*)
 .text.dummy_handler
                0x0000000008000124        0x4 /home/roman/RIOT/examples-miem/distance-gps/bin/unwd-range-l1-r3/cpu/vectors.o
                0x0000000008000124                isr_pvd
                0x0000000008000124                isr_rtc_wkup
                0x0000000008000124                isr_comp_acq
                0x0000000008000124                isr_tim10
                0x0000000008000124                isr_dac
                0x0000000008000124                isr_dma2_ch5
                0x0000000008000124                isr_dma1_ch2
                0x0000000008000124                isr_tim7
                0x0000000008000124                isr_tim5
                0x0000000008000124                isr_i2c1_ev
                0x0000000008000124                isr_dma1_ch7
                0x0000000008000124                isr_tim4
                0x0000000008000124                isr_dma1_ch3
                0x0000000008000124                isr_dma2_ch3
                0x0000000008000124                isr_tim2
                0x0000000008000124                isr_sdio
                0x0000000008000124                isr_spi2
                0x0000000008000124                dummy_handler
                0x0000000008000124                isr_usb_hp
                0x0000000008000124                isr_aes
                0x0000000008000124                isr_dma2_ch4
                0x0000000008000124                isr_dma1_ch1
                0x0000000008000124                isr_comp
                0x0000000008000124                isr_dma1_ch6
                0x0000000008000124                isr_spi1
                0x0000000008000124                isr_tim6
                0x0000000008000124                isr_usb_lp
                0x0000000008000124                isr_rcc
                0x0000000008000124                isr_flash
                0x0000000008000124                isr_uart5
                0x0000000008000124                isr_dma2_ch2
                0x0000000008000124                isr_adc1
                0x0000000008000124                isr_uart4
                0x0000000008000124                isr_i2c2_er
                0x0000000008000124                isr_usb_fs_wkup
                0x0000000008000124                isr_dma2_ch1
                0x0000000008000124                isr_spi3
                0x0000000008000124                isr_lcd
                0x0000000008000124                isr_tim3
                0x0000000008000124                isr_dma1_ch5
                0x0000000008000124                isr_dma1_ch4
                0x0000000008000124                isr_i2c2_ev
                0x0000000008000124                isr_tamper_stamp
                0x0000000008000124                isr_i2c1_er
                0x0000000008000124                isr_wwdg
 .text._init    0x0000000008000128        0x4 /home/roman/RIOT/examples-miem/distance-gps/bin/unwd-range-l1-r3/newlib_syscalls_default/syscalls.o
                0x0000000008000128                _init
 .text._fini    0x000000000800012c        0x2 /home/roman/RIOT/examples-miem/distance-gps/bin/unwd-range-l1-r3/newlib_syscalls_default/syscalls.o
                0x000000000800012c                _fini
 *fill*         0x000000000800012e        0x2 
 .text._sbrk_r  0x0000000008000130       0x3c /home/roman/RIOT/examples-miem/distance-gps/bin/unwd-range-l1-r3/newlib_syscalls_default/syscalls.o
                0x0000000008000130                _sbrk_r
 .text._read_r  0x000000000800016c        0x8 /home/roman/RIOT/examples-miem/distance-gps/bin/unwd-range-l1-r3/newlib_syscalls_default/syscalls.o
                0x000000000800016c                _read_r
 .text._write_r
                0x0000000008000174        0x8 /home/roman/RIOT/examples-miem/distance-gps/bin/unwd-range-l1-r3/newlib_syscalls_default/syscalls.o
                0x0000000008000174                _write_r
 .text._close_r
                0x000000000800017c        0xa /home/roman/RIOT/examples-miem/distance-gps/bin/unwd-range-l1-r3/newlib_syscalls_default/syscalls.o
                0x000000000800017c                _close_r
 .text._lseek_r
                0x0000000008000186        0xa /home/roman/RIOT/examples-miem/distance-gps/bin/unwd-range-l1-r3/newlib_syscalls_default/syscalls.o
                0x0000000008000186                _lseek_r
 .text._fstat_r
                0x0000000008000190        0xa /home/roman/RIOT/examples-miem/distance-gps/bin/unwd-range-l1-r3/newlib_syscalls_default/syscalls.o
                0x0000000008000190                _fstat_r
 .text._isatty_r
                0x000000000800019a        0xe /home/roman/RIOT/examples-miem/distance-gps/bin/unwd-range-l1-r3/newlib_syscalls_default/syscalls.o
                0x000000000800019a                _isatty_r
 .text.sched_run
                0x00000000080001a8       0x64 /home/roman/RIOT/examples-miem/distance-gps/bin/unwd-range-l1-r3/core.a(sched.o)
                0x00000000080001a8                sched_run
 .text.sched_set_status
                0x000000000800020c       0x80 /home/roman/RIOT/examples-miem/distance-gps/bin/unwd-range-l1-r3/core.a(sched.o)
                0x000000000800020c                sched_set_status
 .text.sched_switch
                0x000000000800028c       0x30 /home/roman/RIOT/examples-miem/distance-gps/bin/unwd-range-l1-r3/core.a(sched.o)
                0x000000000800028c                sched_switch
 .text.sched_task_exit
                0x00000000080002bc       0x3c /home/roman/RIOT/examples-miem/distance-gps/bin/unwd-range-l1-r3/core.a(sched.o)
                0x00000000080002bc                sched_task_exit
 .text.thread_stack_init
                0x00000000080002f8       0x68 /home/roman/RIOT/examples-miem/distance-gps/bin/unwd-range-l1-r3/cortexm_common.a(thread_arch.o)
                0x00000000080002f8                thread_stack_init
 .text.cpu_switch_context_exit
                0x0000000008000360        0x8 /home/roman/RIOT/examples-miem/distance-gps/bin/unwd-range-l1-r3/cortexm_common.a(thread_arch.o)
                0x0000000008000360                cpu_switch_context_exit
 .text.thread_yield_higher
                0x0000000008000368       0x10 /home/roman/RIOT/examples-miem/distance-gps/bin/unwd-range-l1-r3/cortexm_common.a(thread_arch.o)
                0x0000000008000368                thread_yield_higher
 .text.isr_pendsv
                0x0000000008000378       0x1c /home/roman/RIOT/examples-miem/distance-gps/bin/unwd-range-l1-r3/cortexm_common.a(thread_arch.o)
                0x0000000008000378                isr_pendsv
 .text.isr_svc  0x0000000008000394       0x1c /home/roman/RIOT/examples-miem/distance-gps/bin/unwd-range-l1-r3/cortexm_common.a(thread_arch.o)
                0x0000000008000394                isr_svc
 .text.hard_fault_default
                0x00000000080003b0       0x44 /home/roman/RIOT/examples-miem/distance-gps/bin/unwd-range-l1-r3/cortexm_common.a(vectors_cortexm.o)
                0x00000000080003b0                hard_fault_default
 .text.nmi_default
                0x00000000080003f4       0x10 /home/roman/RIOT/examples-miem/distance-gps/bin/unwd-range-l1-r3/cortexm_common.a(vectors_cortexm.o)
                0x00000000080003f4                nmi_default
 .text.mem_manage_default
                0x0000000008000404       0x10 /home/roman/RIOT/examples-miem/distance-gps/bin/unwd-range-l1-r3/cortexm_common.a(vectors_cortexm.o)
                0x0000000008000404                mem_manage_default
 .text.bus_fault_default
                0x0000000008000414       0x10 /home/roman/RIOT/examples-miem/distance-gps/bin/unwd-range-l1-r3/cortexm_common.a(vectors_cortexm.o)
                0x0000000008000414                bus_fault_default
 .text.usage_fault_default
                0x0000000008000424       0x10 /home/roman/RIOT/examples-miem/distance-gps/bin/unwd-range-l1-r3/cortexm_common.a(vectors_cortexm.o)
                0x0000000008000424                usage_fault_default
 .text.debug_mon_default
                0x0000000008000434       0x10 /home/roman/RIOT/examples-miem/distance-gps/bin/unwd-range-l1-r3/cortexm_common.a(vectors_cortexm.o)
                0x0000000008000434                debug_mon_default
 .text.dummy_handler_default
                0x0000000008000444       0x10 /home/roman/RIOT/examples-miem/distance-gps/bin/unwd-range-l1-r3/cortexm_common.a(vectors_cortexm.o)
                0x0000000008000444                dummy_handler_default
                0x0000000008000444                isr_systick
 .text.pre_startup
                0x0000000008000454        0x2 /home/roman/RIOT/examples-miem/distance-gps/bin/unwd-range-l1-r3/cortexm_common.a(vectors_cortexm.o)
                0x0000000008000454                pre_startup
 .text.post_startup
                0x0000000008000456        0x2 /home/roman/RIOT/examples-miem/distance-gps/bin/unwd-range-l1-r3/cortexm_common.a(vectors_cortexm.o)
                0x0000000008000456                post_startup
 .text.reset_handler_default
                0x0000000008000458       0x6c /home/roman/RIOT/examples-miem/distance-gps/bin/unwd-range-l1-r3/cortexm_common.a(vectors_cortexm.o)
                0x0000000008000458                reset_handler_default
 .text.hard_fault_handler
                0x00000000080004c4      0x188 /home/roman/RIOT/examples-miem/distance-gps/bin/unwd-range-l1-r3/cortexm_common.a(vectors_cortexm.o)
                0x00000000080004c4                hard_fault_handler
 .text.irq_disable
                0x000000000800064c        0x8 /home/roman/RIOT/examples-miem/distance-gps/bin/unwd-range-l1-r3/cortexm_common.a(irq_arch.o)
                0x000000000800064c                irq_disable
 .text.irq_enable
                0x0000000008000654        0x8 /home/roman/RIOT/examples-miem/distance-gps/bin/unwd-range-l1-r3/cortexm_common.a(irq_arch.o)
                0x0000000008000654                irq_enable
 .text.irq_restore
                0x000000000800065c        0x6 /home/roman/RIOT/examples-miem/distance-gps/bin/unwd-range-l1-r3/cortexm_common.a(irq_arch.o)
                0x000000000800065c                irq_restore
 .text.irq_is_in
                0x0000000008000662        0x8 /home/roman/RIOT/examples-miem/distance-gps/bin/unwd-range-l1-r3/cortexm_common.a(irq_arch.o)
                0x0000000008000662                irq_is_in
 *fill*         0x000000000800066a        0x2 
 .text.stdio_init
                0x000000000800066c       0x18 /home/roman/RIOT/examples-miem/distance-gps/bin/unwd-range-l1-r3/stdio_uart.a(stdio_uart.o)
                0x000000000800066c                stdio_init
 .text.stdio_read
                0x0000000008000684       0x10 /home/roman/RIOT/examples-miem/distance-gps/bin/unwd-range-l1-r3/stdio_uart.a(stdio_uart.o)
                0x0000000008000684                stdio_read
 .text.stdio_write
                0x0000000008000694       0x12 /home/roman/RIOT/examples-miem/distance-gps/bin/unwd-range-l1-r3/stdio_uart.a(stdio_uart.o)
                0x0000000008000694                stdio_write
 *fill*         0x00000000080006a6        0x2 
 .text.irq_handler
                0x00000000080006a8       0x48 /home/roman/RIOT/examples-miem/distance-gps/bin/unwd-range-l1-r3/stm32_common_periph.a(uart.o)
 .text.uart_set_baudrate
                0x00000000080006f0       0x8c /home/roman/RIOT/examples-miem/distance-gps/bin/unwd-range-l1-r3/stm32_common_periph.a(uart.o)
                0x00000000080006f0                uart_set_baudrate
 .text.uart_write
                0x000000000800077c       0x44 /home/roman/RIOT/examples-miem/distance-gps/bin/unwd-range-l1-r3/stm32_common_periph.a(uart.o)
                0x000000000800077c                uart_write
 .text.uart_poweron
                0x00000000080007c0       0x2c /home/roman/RIOT/examples-miem/distance-gps/bin/unwd-range-l1-r3/stm32_common_periph.a(uart.o)
                0x00000000080007c0                uart_poweron
 .text.uart_init
                0x00000000080007ec       0xc0 /home/roman/RIOT/examples-miem/distance-gps/bin/unwd-range-l1-r3/stm32_common_periph.a(uart.o)
                0x00000000080007ec                uart_init
 .text.isr_usart1
                0x00000000080008ac        0x6 /home/roman/RIOT/examples-miem/distance-gps/bin/unwd-range-l1-r3/stm32_common_periph.a(uart.o)
                0x00000000080008ac                isr_usart1
 .text.isr_usart2
                0x00000000080008b2        0x6 /home/roman/RIOT/examples-miem/distance-gps/bin/unwd-range-l1-r3/stm32_common_periph.a(uart.o)
                0x00000000080008b2                isr_usart2
 .text.isr_usart3
                0x00000000080008b8        0x6 /home/roman/RIOT/examples-miem/distance-gps/bin/unwd-range-l1-r3/stm32_common_periph.a(uart.o)
                0x00000000080008b8                isr_usart3
 *fill*         0x00000000080008be        0x2 
 .text.pm_set   0x00000000080008c0      0x250 /home/roman/RIOT/examples-miem/distance-gps/bin/unwd-range-l1-r3/stm32_common_periph.a(pm.o)
                0x00000000080008c0                pm_set
 .text.pm_off   0x0000000008000b10       0x14 /home/roman/RIOT/examples-miem/distance-gps/bin/unwd-range-l1-r3/stm32_common_periph.a(pm.o)
                0x0000000008000b10                pm_off
 .text.gpio_init
                0x0000000008000b24       0x7a /home/roman/RIOT/examples-miem/distance-gps/bin/unwd-range-l1-r3/stm32_common_periph.a(gpio.o)
                0x0000000008000b24                gpio_init
 .text.gpio_init_af
                0x0000000008000b9e       0x56 /home/roman/RIOT/examples-miem/distance-gps/bin/unwd-range-l1-r3/stm32_common_periph.a(gpio.o)
                0x0000000008000b9e                gpio_init_af
 .text.gpio_set
                0x0000000008000bf4       0x16 /home/roman/RIOT/examples-miem/distance-gps/bin/unwd-range-l1-r3/stm32_common_periph.a(gpio.o)
                0x0000000008000bf4                gpio_set
 *fill*         0x0000000008000c0a        0x2 
 .text.isr_exti
                0x0000000008000c0c       0x4c /home/roman/RIOT/examples-miem/distance-gps/bin/unwd-range-l1-r3/stm32_common_periph.a(gpio.o)
                0x0000000008000c0c                isr_exti
 .text._xtimer_lltimer_now
                0x0000000008000c58        0x6 /home/roman/RIOT/examples-miem/distance-gps/bin/unwd-range-l1-r3/xtimer.a(xtimer_core.o)
 *fill*         0x0000000008000c5e        0x2 
 .text._xtimer_now
                0x0000000008000c60       0x18 /home/roman/RIOT/examples-miem/distance-gps/bin/unwd-range-l1-r3/xtimer.a(xtimer_core.o)
 .text._lltimer_set
                0x0000000008000c78       0x14 /home/roman/RIOT/examples-miem/distance-gps/bin/unwd-range-l1-r3/xtimer.a(xtimer_core.o)
 .text._next_period
                0x0000000008000c8c       0xc4 /home/roman/RIOT/examples-miem/distance-gps/bin/unwd-range-l1-r3/xtimer.a(xtimer_core.o)
 .text._periph_timer_callback
                0x0000000008000d50       0xe0 /home/roman/RIOT/examples-miem/distance-gps/bin/unwd-range-l1-r3/xtimer.a(xtimer_core.o)
 .text.xtimer_init
                0x0000000008000e30       0x24 /home/roman/RIOT/examples-miem/distance-gps/bin/unwd-range-l1-r3/xtimer.a(xtimer_core.o)
                0x0000000008000e30                xtimer_init
 .text.board_init
                0x0000000008000e54       0x18 /home/roman/RIOT/examples-miem/distance-gps/bin/unwd-range-l1-r3/boards_common_unwd.a(board.o)
                0x0000000008000e54                board_init
 .text.panic_arch
                0x0000000008000e6c        0x2 /home/roman/RIOT/examples-miem/distance-gps/bin/unwd-range-l1-r3/core.a(panic.o)
                0x0000000008000e6c                panic_arch
 *fill*         0x0000000008000e6e        0x2 
 .text.core_panic
                0x0000000008000e70       0x44 /home/roman/RIOT/examples-miem/distance-gps/bin/unwd-range-l1-r3/core.a(panic.o)
                0x0000000008000e70                core_panic
 .text.main_trampoline
                0x0000000008000eb4       0x18 /home/roman/RIOT/examples-miem/distance-gps/bin/unwd-range-l1-r3/core.a(kernel_init.o)
 .text.idle_thread
                0x0000000008000ecc        0x8 /home/roman/RIOT/examples-miem/distance-gps/bin/unwd-range-l1-r3/core.a(kernel_init.o)
 .text.kernel_init
                0x0000000008000ed4       0x58 /home/roman/RIOT/examples-miem/distance-gps/bin/unwd-range-l1-r3/core.a(kernel_init.o)
                0x0000000008000ed4                kernel_init
 .text.thread_add_to_list
                0x0000000008000f2c       0x30 /home/roman/RIOT/examples-miem/distance-gps/bin/unwd-range-l1-r3/core.a(thread.o)
                0x0000000008000f2c                thread_add_to_list
 .text.thread_create
                0x0000000008000f5c       0xf8 /home/roman/RIOT/examples-miem/distance-gps/bin/unwd-range-l1-r3/core.a(thread.o)
                0x0000000008000f5c                thread_create
 .text.cpu_check_address
                0x0000000008001054       0x38 /home/roman/RIOT/examples-miem/distance-gps/bin/unwd-range-l1-r3/cortexm_common.a(cortexm_init.o)
                0x0000000008001054                cpu_check_address
 .text.cpu_find_memory_size
                0x000000000800108c       0x1e /home/roman/RIOT/examples-miem/distance-gps/bin/unwd-range-l1-r3/cortexm_common.a(cortexm_init.o)
                0x000000000800108c                cpu_find_memory_size
 *fill*         0x00000000080010aa        0x2 
 .text.cortexm_init
                0x00000000080010ac       0x40 /home/roman/RIOT/examples-miem/distance-gps/bin/unwd-range-l1-r3/cortexm_common.a(cortexm_init.o)
                0x00000000080010ac                cortexm_init
 .text.isrpipe_write_one
                0x00000000080010ec       0x16 /home/roman/RIOT/examples-miem/distance-gps/bin/unwd-range-l1-r3/isrpipe.a(isrpipe.o)
                0x00000000080010ec                isrpipe_write_one
 .text.isrpipe_read
                0x0000000008001102       0x24 /home/roman/RIOT/examples-miem/distance-gps/bin/unwd-range-l1-r3/isrpipe.a(isrpipe.o)
                0x0000000008001102                isrpipe_read
 *fill*         0x0000000008001126        0x2 
 .text.pm_set_lowest
                0x0000000008001128       0x40 /home/roman/RIOT/examples-miem/distance-gps/bin/unwd-range-l1-r3/pm_layered.a(pm.o)
                0x0000000008001128                pm_set_lowest
 .text.cpu_init
                0x0000000008001168       0x84 /home/roman/RIOT/examples-miem/distance-gps/bin/unwd-range-l1-r3/stm32_common.a(cpu_init.o)
                0x0000000008001168                cpu_init
 .text.utils_delay
                0x00000000080011ec        0x6 /home/roman/RIOT/examples-miem/distance-gps/bin/unwd-range-l1-r3/stm32_common.a(stmclk_l0l1.o)
 *fill*         0x00000000080011f2        0x2 
 .text.stmclk_init_sysclk
                0x00000000080011f4      0x200 /home/roman/RIOT/examples-miem/distance-gps/bin/unwd-range-l1-r3/stm32_common.a(stmclk_l0l1.o)
                0x00000000080011f4                stmclk_init_sysclk
 .text.periph_apb_clk
                0x00000000080013f4        0xc /home/roman/RIOT/examples-miem/distance-gps/bin/unwd-range-l1-r3/stm32_common.a(cpu_common.o)
                0x00000000080013f4                periph_apb_clk
 .text.periph_timer_clk
                0x0000000008001400       0x14 /home/roman/RIOT/examples-miem/distance-gps/bin/unwd-range-l1-r3/stm32_common.a(cpu_common.o)
                0x0000000008001400                periph_timer_clk
 .text.periph_clk_en
                0x0000000008001414       0x30 /home/roman/RIOT/examples-miem/distance-gps/bin/unwd-range-l1-r3/stm32_common.a(cpu_common.o)
                0x0000000008001414                periph_clk_en
 .text.periph_clk_dis
                0x0000000008001444       0x34 /home/roman/RIOT/examples-miem/distance-gps/bin/unwd-range-l1-r3/stm32_common.a(cpu_common.o)
                0x0000000008001444                periph_clk_dis
 .text.is_periph_clk
                0x0000000008001478       0x30 /home/roman/RIOT/examples-miem/distance-gps/bin/unwd-range-l1-r3/stm32_common.a(cpu_common.o)
                0x0000000008001478                is_periph_clk
 .text.cpu_init_status
                0x00000000080014a8       0x78 /home/roman/RIOT/examples-miem/distance-gps/bin/unwd-range-l1-r3/stm32_common.a(stm_status.o)
                0x00000000080014a8                cpu_init_status
 .text.irq_handler
                0x0000000008001520       0x84 /home/roman/RIOT/examples-miem/distance-gps/bin/unwd-range-l1-r3/stm32_common_periph.a(timer.o)
 .text.timer_set_absolute
                0x00000000080015a4       0x48 /home/roman/RIOT/examples-miem/distance-gps/bin/unwd-range-l1-r3/stm32_common_periph.a(timer.o)
                0x00000000080015a4                timer_set_absolute
 .text.timer_read
                0x00000000080015ec       0x10 /home/roman/RIOT/examples-miem/distance-gps/bin/unwd-range-l1-r3/stm32_common_periph.a(timer.o)
                0x00000000080015ec                timer_read
 .text.timer_start
                0x00000000080015fc       0x18 /home/roman/RIOT/examples-miem/distance-gps/bin/unwd-range-l1-r3/stm32_common_periph.a(timer.o)
                0x00000000080015fc                timer_start
 .text.timer_init
                0x0000000008001614       0x88 /home/roman/RIOT/examples-miem/distance-gps/bin/unwd-range-l1-r3/stm32_common_periph.a(timer.o)
                0x0000000008001614                timer_init
 .text.isr_tim11
                0x000000000800169c        0x6 /home/roman/RIOT/examples-miem/distance-gps/bin/unwd-range-l1-r3/stm32_common_periph.a(timer.o)
                0x000000000800169c                isr_tim11
 .text.isr_tim9
                0x00000000080016a2        0x6 /home/roman/RIOT/examples-miem/distance-gps/bin/unwd-range-l1-r3/stm32_common_periph.a(timer.o)
                0x00000000080016a2                isr_tim9
 .text._pop     0x00000000080016a8       0x12 /home/roman/RIOT/examples-miem/distance-gps/bin/unwd-range-l1-r3/tsrb.a(tsrb.o)
 .text.tsrb_get
                0x00000000080016ba       0x26 /home/roman/RIOT/examples-miem/distance-gps/bin/unwd-range-l1-r3/tsrb.a(tsrb.o)
                0x00000000080016ba                tsrb_get
 .text.tsrb_add_one
                0x00000000080016e0       0x26 /home/roman/RIOT/examples-miem/distance-gps/bin/unwd-range-l1-r3/tsrb.a(tsrb.o)
                0x00000000080016e0                tsrb_add_one
 .text.periph_init
                0x0000000008001706        0x2 /home/roman/RIOT/examples-miem/distance-gps/bin/unwd-range-l1-r3/periph_common.a(init.o)
                0x0000000008001706                periph_init
 .text.startup.main
                0x0000000008001708       0xe8 /home/roman/RIOT/examples-miem/distance-gps/bin/unwd-range-l1-r3/application_thread.a(main.o)
                0x0000000008001708                main
 .text.auto_init
                0x00000000080017f0        0xe /home/roman/RIOT/examples-miem/distance-gps/bin/unwd-range-l1-r3/auto_init.a(auto_init.o)
                0x00000000080017f0                auto_init
 .text.arm_mult_q31
                0x00000000080017fe       0x3c /home/roman/RIOT/examples-miem/distance-gps/bin/unwd-range-l1-r3/cmsis-dsp.a(arm_mult_q31.o)
                0x00000000080017fe                arm_mult_q31
 .text.arm_abs_q31
                0x000000000800183a       0x26 /home/roman/RIOT/examples-miem/distance-gps/bin/unwd-range-l1-r3/cmsis-dsp.a(arm_abs_q31.o)
                0x000000000800183a                arm_abs_q31
 .text.arm_add_q31
                0x0000000008001860       0x32 /home/roman/RIOT/examples-miem/distance-gps/bin/unwd-range-l1-r3/cmsis-dsp.a(arm_add_q31.o)
                0x0000000008001860                arm_add_q31
 *fill*         0x0000000008001892        0x2 
 .text.arm_sin_q31
                0x0000000008001894       0x38 /home/roman/RIOT/examples-miem/distance-gps/bin/unwd-range-l1-r3/cmsis-dsp.a(arm_sin_q31.o)
                0x0000000008001894                arm_sin_q31
 .text.arm_cos_q31
                0x00000000080018cc       0x44 /home/roman/RIOT/examples-miem/distance-gps/bin/unwd-range-l1-r3/cmsis-dsp.a(arm_cos_q31.o)
                0x00000000080018cc                arm_cos_q31
 .text.arm_sqrt_q31
                0x0000000008001910       0xec /home/roman/RIOT/examples-miem/distance-gps/bin/unwd-range-l1-r3/cmsis-dsp.a(arm_sqrt_q31.o)
                0x0000000008001910                arm_sqrt_q31
 .text._mutex_lock
                0x00000000080019fc       0x60 /home/roman/RIOT/examples-miem/distance-gps/bin/unwd-range-l1-r3/core.a(mutex.o)
                0x00000000080019fc                _mutex_lock
 .text.mutex_unlock
                0x0000000008001a5c       0x4c /home/roman/RIOT/examples-miem/distance-gps/bin/unwd-range-l1-r3/core.a(mutex.o)
                0x0000000008001a5c                mutex_unlock
 .text._lptimer_now
                0x0000000008001aa8       0x18 /home/roman/RIOT/examples-miem/distance-gps/bin/unwd-range-l1-r3/lptimer.a(lptimer_core.o)
 .text._lltimer_set
                0x0000000008001ac0       0x1c /home/roman/RIOT/examples-miem/distance-gps/bin/unwd-range-l1-r3/lptimer.a(lptimer_core.o)
 .text._next_period
                0x0000000008001adc       0xc4 /home/roman/RIOT/examples-miem/distance-gps/bin/unwd-range-l1-r3/lptimer.a(lptimer_core.o)
 .text._periph_timer_callback
                0x0000000008001ba0       0xdc /home/roman/RIOT/examples-miem/distance-gps/bin/unwd-range-l1-r3/lptimer.a(lptimer_core.o)
 .text.lptimer_init
                0x0000000008001c7c       0x12 /home/roman/RIOT/examples-miem/distance-gps/bin/unwd-range-l1-r3/lptimer.a(lptimer_core.o)
                0x0000000008001c7c                lptimer_init
 *fill*         0x0000000008001c8e        0x2 
 .text.rtt_init
                0x0000000008001c90       0xa8 /home/roman/RIOT/examples-miem/distance-gps/bin/unwd-range-l1-r3/stm32_common_periph.a(rtt.o)
                0x0000000008001c90                rtt_init
 .text.rtt_get_counter
                0x0000000008001d38       0x20 /home/roman/RIOT/examples-miem/distance-gps/bin/unwd-range-l1-r3/stm32_common_periph.a(rtt.o)
                0x0000000008001d38                rtt_get_counter
 .text.rtt_set_alarm
                0x0000000008001d58       0x64 /home/roman/RIOT/examples-miem/distance-gps/bin/unwd-range-l1-r3/stm32_common_periph.a(rtt.o)
                0x0000000008001d58                rtt_set_alarm
 .text.isr_rtc_alarm
                0x0000000008001dbc       0x4c /home/roman/RIOT/examples-miem/distance-gps/bin/unwd-range-l1-r3/stm32_common_periph.a(rtt.o)
                0x0000000008001dbc                isr_rtc_alarm
 .text.stmclk_dbp_unlock
                0x0000000008001e08       0x10 /home/roman/RIOT/examples-miem/distance-gps/bin/unwd-range-l1-r3/stm32_common.a(stmclk_common.o)
                0x0000000008001e08                stmclk_dbp_unlock
 .text.stmclk_dbp_lock
                0x0000000008001e18       0x10 /home/roman/RIOT/examples-miem/distance-gps/bin/unwd-range-l1-r3/stm32_common.a(stmclk_common.o)
                0x0000000008001e18                stmclk_dbp_lock
 .text.stmclk_enable_lfclk
                0x0000000008001e28       0x24 /home/roman/RIOT/examples-miem/distance-gps/bin/unwd-range-l1-r3/stm32_common.a(stmclk_common.o)
                0x0000000008001e28                stmclk_enable_lfclk
 .text          0x0000000008001e4c      0x168 /opt/gcc-arm-none-eabi-9-2020-q2-update/bin/../lib/gcc/arm-none-eabi/9.3.1/thumb/v7-m/nofp/libgcc.a(_arm_mulsf3.o)
                0x0000000008001e4c                __mulsf3
                0x0000000008001e4c                __aeabi_fmul
 .text          0x0000000008001fb4      0x21c /opt/gcc-arm-none-eabi-9-2020-q2-update/bin/../lib/gcc/arm-none-eabi/9.3.1/thumb/v7-m/nofp/libgcc.a(_arm_addsubsf3.o)
                0x0000000008001fb4                __aeabi_frsub
                0x0000000008001fbc                __subsf3
                0x0000000008001fbc                __aeabi_fsub
                0x0000000008001fc0                __aeabi_fadd
                0x0000000008001fc0                __addsf3
                0x0000000008002120                __aeabi_ui2f
                0x0000000008002120                __floatunsisf
                0x0000000008002128                __aeabi_i2f
                0x0000000008002128                __floatsisf
                0x0000000008002144                __floatundisf
                0x0000000008002144                __aeabi_ul2f
                0x0000000008002154                __floatdisf
                0x0000000008002154                __aeabi_l2f
 .text          0x00000000080021d0       0x4c /opt/gcc-arm-none-eabi-9-2020-q2-update/bin/../lib/gcc/arm-none-eabi/9.3.1/thumb/v7-m/nofp/libgcc.a(_arm_fixsfsi.o)
                0x00000000080021d0                __fixsfsi
                0x00000000080021d0                __aeabi_f2iz
 .text.__libc_init_array
                0x000000000800221c       0x48 /opt/gcc-arm-none-eabi-9-2020-q2-update/bin/../lib/gcc/arm-none-eabi/9.3.1/../../../../arm-none-eabi/lib/thumb/v7-m/nofp/libc_nano.a(lib_a-init.o)
                0x000000000800221c                __libc_init_array
 .text.printf   0x0000000008002264       0x30 /opt/gcc-arm-none-eabi-9-2020-q2-update/bin/../lib/gcc/arm-none-eabi/9.3.1/../../../../arm-none-eabi/lib/thumb/v7-m/nofp/libc_nano.a(lib_a-printf.o)
                0x0000000008002264                printf
                0x0000000008002264                iprintf
 .text._puts_r  0x0000000008002294       0xdc /opt/gcc-arm-none-eabi-9-2020-q2-update/bin/../lib/gcc/arm-none-eabi/9.3.1/../../../../arm-none-eabi/lib/thumb/v7-m/nofp/libc_nano.a(lib_a-puts.o)
                0x0000000008002294                _puts_r
 .text.puts     0x0000000008002370       0x10 /opt/gcc-arm-none-eabi-9-2020-q2-update/bin/../lib/gcc/arm-none-eabi/9.3.1/../../../../arm-none-eabi/lib/thumb/v7-m/nofp/libc_nano.a(lib_a-puts.o)
                0x0000000008002370                puts
 .text.__swbuf_r
                0x0000000008002380       0xa4 /opt/gcc-arm-none-eabi-9-2020-q2-update/bin/../lib/gcc/arm-none-eabi/9.3.1/../../../../arm-none-eabi/lib/thumb/v7-m/nofp/libc_nano.a(lib_a-wbuf.o)
                0x0000000008002380                __swbuf_r
 .text.__swsetup_r
                0x0000000008002424       0xdc /opt/gcc-arm-none-eabi-9-2020-q2-update/bin/../lib/gcc/arm-none-eabi/9.3.1/../../../../arm-none-eabi/lib/thumb/v7-m/nofp/libc_nano.a(lib_a-wsetup.o)
                0x0000000008002424                __swsetup_r
 .text.__sflush_r
                0x0000000008002500      0x10c /opt/gcc-arm-none-eabi-9-2020-q2-update/bin/../lib/gcc/arm-none-eabi/9.3.1/../../../../arm-none-eabi/lib/thumb/v7-m/nofp/libc_nano.a(lib_a-fflush.o)
                0x0000000008002500                __sflush_r
 .text._fflush_r
                0x000000000800260c       0x78 /opt/gcc-arm-none-eabi-9-2020-q2-update/bin/../lib/gcc/arm-none-eabi/9.3.1/../../../../arm-none-eabi/lib/thumb/v7-m/nofp/libc_nano.a(lib_a-fflush.o)
                0x000000000800260c                _fflush_r
 .text.std      0x0000000008002684       0x48 /opt/gcc-arm-none-eabi-9-2020-q2-update/bin/../lib/gcc/arm-none-eabi/9.3.1/../../../../arm-none-eabi/lib/thumb/v7-m/nofp/libc_nano.a(lib_a-findfp.o)
 .text._cleanup_r
                0x00000000080026cc        0xc /opt/gcc-arm-none-eabi-9-2020-q2-update/bin/../lib/gcc/arm-none-eabi/9.3.1/../../../../arm-none-eabi/lib/thumb/v7-m/nofp/libc_nano.a(lib_a-findfp.o)
                0x00000000080026cc                _cleanup_r
 .text.__sfmoreglue
                0x00000000080026d8       0x2c /opt/gcc-arm-none-eabi-9-2020-q2-update/bin/../lib/gcc/arm-none-eabi/9.3.1/../../../../arm-none-eabi/lib/thumb/v7-m/nofp/libc_nano.a(lib_a-findfp.o)
                0x00000000080026d8                __sfmoreglue
 .text.__sfp_lock_acquire
                0x0000000008002704        0xc /opt/gcc-arm-none-eabi-9-2020-q2-update/bin/../lib/gcc/arm-none-eabi/9.3.1/../../../../arm-none-eabi/lib/thumb/v7-m/nofp/libc_nano.a(lib_a-findfp.o)
                0x0000000008002704                __sfp_lock_acquire
 .text.__sfp_lock_release
                0x0000000008002710        0xc /opt/gcc-arm-none-eabi-9-2020-q2-update/bin/../lib/gcc/arm-none-eabi/9.3.1/../../../../arm-none-eabi/lib/thumb/v7-m/nofp/libc_nano.a(lib_a-findfp.o)
                0x0000000008002710                __sfp_lock_release
 .text.__sinit_lock_acquire
                0x000000000800271c        0xc /opt/gcc-arm-none-eabi-9-2020-q2-update/bin/../lib/gcc/arm-none-eabi/9.3.1/../../../../arm-none-eabi/lib/thumb/v7-m/nofp/libc_nano.a(lib_a-findfp.o)
                0x000000000800271c                __sinit_lock_acquire
 .text.__sinit_lock_release
                0x0000000008002728        0xc /opt/gcc-arm-none-eabi-9-2020-q2-update/bin/../lib/gcc/arm-none-eabi/9.3.1/../../../../arm-none-eabi/lib/thumb/v7-m/nofp/libc_nano.a(lib_a-findfp.o)
                0x0000000008002728                __sinit_lock_release
 .text.__sinit  0x0000000008002734       0x70 /opt/gcc-arm-none-eabi-9-2020-q2-update/bin/../lib/gcc/arm-none-eabi/9.3.1/../../../../arm-none-eabi/lib/thumb/v7-m/nofp/libc_nano.a(lib_a-findfp.o)
                0x0000000008002734                __sinit
 .text.__sfp    0x00000000080027a4       0x8c /opt/gcc-arm-none-eabi-9-2020-q2-update/bin/../lib/gcc/arm-none-eabi/9.3.1/../../../../arm-none-eabi/lib/thumb/v7-m/nofp/libc_nano.a(lib_a-findfp.o)
                0x00000000080027a4                __sfp
 .text._fwalk_reent
                0x0000000008002830       0x3e /opt/gcc-arm-none-eabi-9-2020-q2-update/bin/../lib/gcc/arm-none-eabi/9.3.1/../../../../arm-none-eabi/lib/thumb/v7-m/nofp/libc_nano.a(lib_a-fwalk.o)
                0x0000000008002830                _fwalk_reent
 .text.__retarget_lock_init_recursive
                0x000000000800286e        0x2 /opt/gcc-arm-none-eabi-9-2020-q2-update/bin/../lib/gcc/arm-none-eabi/9.3.1/../../../../arm-none-eabi/lib/thumb/v7-m/nofp/libc_nano.a(lib_a-lock.o)
                0x000000000800286e                __retarget_lock_init_recursive
 .text.__retarget_lock_acquire_recursive
                0x0000000008002870        0x2 /opt/gcc-arm-none-eabi-9-2020-q2-update/bin/../lib/gcc/arm-none-eabi/9.3.1/../../../../arm-none-eabi/lib/thumb/v7-m/nofp/libc_nano.a(lib_a-lock.o)
                0x0000000008002870                __retarget_lock_acquire_recursive
 .text.__retarget_lock_release_recursive
                0x0000000008002872        0x2 /opt/gcc-arm-none-eabi-9-2020-q2-update/bin/../lib/gcc/arm-none-eabi/9.3.1/../../../../arm-none-eabi/lib/thumb/v7-m/nofp/libc_nano.a(lib_a-lock.o)
                0x0000000008002872                __retarget_lock_release_recursive
 .text.__swhatbuf_r
                0x0000000008002874       0x48 /opt/gcc-arm-none-eabi-9-2020-q2-update/bin/../lib/gcc/arm-none-eabi/9.3.1/../../../../arm-none-eabi/lib/thumb/v7-m/nofp/libc_nano.a(lib_a-makebuf.o)
                0x0000000008002874                __swhatbuf_r
 .text.__smakebuf_r
                0x00000000080028bc       0x80 /opt/gcc-arm-none-eabi-9-2020-q2-update/bin/../lib/gcc/arm-none-eabi/9.3.1/../../../../arm-none-eabi/lib/thumb/v7-m/nofp/libc_nano.a(lib_a-makebuf.o)
                0x00000000080028bc                __smakebuf_r
 .text.memset   0x000000000800293c       0x10 /opt/gcc-arm-none-eabi-9-2020-q2-update/bin/../lib/gcc/arm-none-eabi/9.3.1/../../../../arm-none-eabi/lib/thumb/v7-m/nofp/libc_nano.a(lib_a-memset.o)
                0x000000000800293c                memset
 .text._free_r  0x000000000800294c       0x98 /opt/gcc-arm-none-eabi-9-2020-q2-update/bin/../lib/gcc/arm-none-eabi/9.3.1/../../../../arm-none-eabi/lib/thumb/v7-m/nofp/libc_nano.a(lib_a-nano-freer.o)
                0x000000000800294c                _free_r
 .text._malloc_r
                0x00000000080029e4       0xb4 /opt/gcc-arm-none-eabi-9-2020-q2-update/bin/../lib/gcc/arm-none-eabi/9.3.1/../../../../arm-none-eabi/lib/thumb/v7-m/nofp/libc_nano.a(lib_a-nano-mallocr.o)
                0x00000000080029e4                _malloc_r
 .text.__sfputc_r
                0x0000000008002a98       0x2a /opt/gcc-arm-none-eabi-9-2020-q2-update/bin/../lib/gcc/arm-none-eabi/9.3.1/../../../../arm-none-eabi/lib/thumb/v7-m/nofp/libc_nano.a(lib_a-nano-vfprintf.o)
 .text.__sfputs_r
                0x0000000008002ac2       0x24 /opt/gcc-arm-none-eabi-9-2020-q2-update/bin/../lib/gcc/arm-none-eabi/9.3.1/../../../../arm-none-eabi/lib/thumb/v7-m/nofp/libc_nano.a(lib_a-nano-vfprintf.o)
                0x0000000008002ac2                __sfputs_r
 *fill*         0x0000000008002ae6        0x2 
 .text._vfprintf_r
                0x0000000008002ae8      0x260 /opt/gcc-arm-none-eabi-9-2020-q2-update/bin/../lib/gcc/arm-none-eabi/9.3.1/../../../../arm-none-eabi/lib/thumb/v7-m/nofp/libc_nano.a(lib_a-nano-vfprintf.o)
                0x0000000008002ae8                _vfiprintf_r
                0x0000000008002ae8                _vfprintf_r
 .text._printf_common
                0x0000000008002d48       0xde /opt/gcc-arm-none-eabi-9-2020-q2-update/bin/../lib/gcc/arm-none-eabi/9.3.1/../../../../arm-none-eabi/lib/thumb/v7-m/nofp/libc_nano.a(lib_a-nano-vfprintf_i.o)
                0x0000000008002d48                _printf_common
 *fill*         0x0000000008002e26        0x2 
 .text._printf_i
                0x0000000008002e28      0x24c /opt/gcc-arm-none-eabi-9-2020-q2-update/bin/../lib/gcc/arm-none-eabi/9.3.1/../../../../arm-none-eabi/lib/thumb/v7-m/nofp/libc_nano.a(lib_a-nano-vfprintf_i.o)
                0x0000000008002e28                _printf_i
 .text.__sread  0x0000000008003074       0x22 /opt/gcc-arm-none-eabi-9-2020-q2-update/bin/../lib/gcc/arm-none-eabi/9.3.1/../../../../arm-none-eabi/lib/thumb/v7-m/nofp/libc_nano.a(lib_a-stdio.o)
                0x0000000008003074                __sread
 .text.__swrite
                0x0000000008003096       0x38 /opt/gcc-arm-none-eabi-9-2020-q2-update/bin/../lib/gcc/arm-none-eabi/9.3.1/../../../../arm-none-eabi/lib/thumb/v7-m/nofp/libc_nano.a(lib_a-stdio.o)
                0x0000000008003096                __swrite
 .text.__sseek  0x00000000080030ce       0x24 /opt/gcc-arm-none-eabi-9-2020-q2-update/bin/../lib/gcc/arm-none-eabi/9.3.1/../../../../arm-none-eabi/lib/thumb/v7-m/nofp/libc_nano.a(lib_a-stdio.o)
                0x00000000080030ce                __sseek
 .text.__sclose
                0x00000000080030f2        0x8 /opt/gcc-arm-none-eabi-9-2020-q2-update/bin/../lib/gcc/arm-none-eabi/9.3.1/../../../../arm-none-eabi/lib/thumb/v7-m/nofp/libc_nano.a(lib_a-stdio.o)
                0x00000000080030f2                __sclose
 .text.memchr   0x00000000080030fa       0x1c /opt/gcc-arm-none-eabi-9-2020-q2-update/bin/../lib/gcc/arm-none-eabi/9.3.1/../../../../arm-none-eabi/lib/thumb/v7-m/nofp/libc_nano.a(lib_a-memchr-stub.o)
                0x00000000080030fa                memchr
 *fill*         0x0000000008003116        0x2 
 .text.__malloc_lock
                0x0000000008003118        0xc /opt/gcc-arm-none-eabi-9-2020-q2-update/bin/../lib/gcc/arm-none-eabi/9.3.1/../../../../arm-none-eabi/lib/thumb/v7-m/nofp/libc_nano.a(lib_a-mlock.o)
                0x0000000008003118                __malloc_lock
 .text.__malloc_unlock
                0x0000000008003124        0xc /opt/gcc-arm-none-eabi-9-2020-q2-update/bin/../lib/gcc/arm-none-eabi/9.3.1/../../../../arm-none-eabi/lib/thumb/v7-m/nofp/libc_nano.a(lib_a-mlock.o)
                0x0000000008003124                __malloc_unlock
 *(.glue_7t)
 .glue_7t       0x0000000008003130        0x0 linker stubs
 *(.glue_7)
 .glue_7        0x0000000008003130        0x0 linker stubs
 *(.rodata .rodata* .gnu.linkonce.r.*)
 .rodata.nmi_default.str1.1
                0x0000000008003130        0xc /home/roman/RIOT/examples-miem/distance-gps/bin/unwd-range-l1-r3/cortexm_common.a(vectors_cortexm.o)
 .rodata.mem_manage_default.str1.1
                0x000000000800313c       0x13 /home/roman/RIOT/examples-miem/distance-gps/bin/unwd-range-l1-r3/cortexm_common.a(vectors_cortexm.o)
 .rodata.bus_fault_default.str1.1
                0x000000000800314f       0x12 /home/roman/RIOT/examples-miem/distance-gps/bin/unwd-range-l1-r3/cortexm_common.a(vectors_cortexm.o)
 .rodata.usage_fault_default.str1.1
                0x0000000008003161       0x14 /home/roman/RIOT/examples-miem/distance-gps/bin/unwd-range-l1-r3/cortexm_common.a(vectors_cortexm.o)
 .rodata.debug_mon_default.str1.1
                0x0000000008003175       0x12 /home/roman/RIOT/examples-miem/distance-gps/bin/unwd-range-l1-r3/cortexm_common.a(vectors_cortexm.o)
 .rodata.dummy_handler_default.str1.1
                0x0000000008003187        0xe /home/roman/RIOT/examples-miem/distance-gps/bin/unwd-range-l1-r3/cortexm_common.a(vectors_cortexm.o)
 .rodata.hard_fault_handler.str1.1
                0x0000000008003195      0x1f4 /home/roman/RIOT/examples-miem/distance-gps/bin/unwd-range-l1-r3/cortexm_common.a(vectors_cortexm.o)
 *fill*         0x0000000008003389        0x3 
 .rodata.uart_config
                0x000000000800338c       0x48 /home/roman/RIOT/examples-miem/distance-gps/bin/unwd-range-l1-r3/stm32_common_periph.a(uart.o)
 .rodata.uart_config
                0x00000000080033d4       0x48 /home/roman/RIOT/examples-miem/distance-gps/bin/unwd-range-l1-r3/stm32_common_periph.a(pm.o)
 .rodata.core_panic.str1.1
                0x000000000800341c       0x2e /home/roman/RIOT/examples-miem/distance-gps/bin/unwd-range-l1-r3/core.a(panic.o)
 .rodata.assert_crash_message
                0x000000000800344a       0x12 /home/roman/RIOT/examples-miem/distance-gps/bin/unwd-range-l1-r3/core.a(panic.o)
                0x000000000800344a                assert_crash_message
 .rodata.main_trampoline.str1.1
                0x000000000800345c       0x30 /home/roman/RIOT/examples-miem/distance-gps/bin/unwd-range-l1-r3/core.a(kernel_init.o)
 .rodata.str1.1
                0x000000000800348c        0xa /home/roman/RIOT/examples-miem/distance-gps/bin/unwd-range-l1-r3/core.a(kernel_init.o)
 .rodata.apbmul
                0x0000000008003496        0x2 /home/roman/RIOT/examples-miem/distance-gps/bin/unwd-range-l1-r3/stm32_common.a(cpu_common.o)
 .rodata.CSWTCH.1
                0x0000000008003498       0x22 /home/roman/RIOT/examples-miem/distance-gps/bin/unwd-range-l1-r3/stm32_common.a(stm_status.o)
 *fill*         0x00000000080034ba        0x2 
 .rodata.timer_config
                0x00000000080034bc       0x20 /home/roman/RIOT/examples-miem/distance-gps/bin/unwd-range-l1-r3/stm32_common_periph.a(timer.o)
 .rodata.main.str1.1
                0x00000000080034dc        0x9 /home/roman/RIOT/examples-miem/distance-gps/bin/unwd-range-l1-r3/application_thread.a(main.o)
                                          0xe (size before relaxing)
 *fill*         0x00000000080034e5        0x3 
 .rodata.sinTable_q31
                0x00000000080034e8      0x804 /home/roman/RIOT/examples-miem/distance-gps/bin/unwd-range-l1-r3/cmsis-dsp.a(arm_common_tables.o)
                0x00000000080034e8                sinTable_q31
 .rodata._global_impure_ptr
                0x0000000008003cec        0x4 /opt/gcc-arm-none-eabi-9-2020-q2-update/bin/../lib/gcc/arm-none-eabi/9.3.1/../../../../arm-none-eabi/lib/thumb/v7-m/nofp/libc_nano.a(lib_a-impure.o)
                0x0000000008003cec                _global_impure_ptr
 .rodata.__sf_fake_stderr
                0x0000000008003cf0       0x20 /opt/gcc-arm-none-eabi-9-2020-q2-update/bin/../lib/gcc/arm-none-eabi/9.3.1/../../../../arm-none-eabi/lib/thumb/v7-m/nofp/libc_nano.a(lib_a-findfp.o)
                0x0000000008003cf0                __sf_fake_stderr
 .rodata.__sf_fake_stdin
                0x0000000008003d10       0x20 /opt/gcc-arm-none-eabi-9-2020-q2-update/bin/../lib/gcc/arm-none-eabi/9.3.1/../../../../arm-none-eabi/lib/thumb/v7-m/nofp/libc_nano.a(lib_a-findfp.o)
                0x0000000008003d10                __sf_fake_stdin
 .rodata.__sf_fake_stdout
                0x0000000008003d30       0x20 /opt/gcc-arm-none-eabi-9-2020-q2-update/bin/../lib/gcc/arm-none-eabi/9.3.1/../../../../arm-none-eabi/lib/thumb/v7-m/nofp/libc_nano.a(lib_a-findfp.o)
                0x0000000008003d30                __sf_fake_stdout
 .rodata._vfprintf_r.str1.1
                0x0000000008003d50       0x11 /opt/gcc-arm-none-eabi-9-2020-q2-update/bin/../lib/gcc/arm-none-eabi/9.3.1/../../../../arm-none-eabi/lib/thumb/v7-m/nofp/libc_nano.a(lib_a-nano-vfprintf.o)
 .rodata._printf_i.str1.1
                0x0000000008003d61       0x22 /opt/gcc-arm-none-eabi-9-2020-q2-update/bin/../lib/gcc/arm-none-eabi/9.3.1/../../../../arm-none-eabi/lib/thumb/v7-m/nofp/libc_nano.a(lib_a-nano-vfprintf_i.o)
 *(.ARM.extab* .gnu.linkonce.armextab.*)
                0x0000000008003d84                . = ALIGN (0x4)
 *fill*         0x0000000008003d83        0x1 
 *(.init)
                0x0000000008003d84                . = ALIGN (0x4)
                0x0000000008003d84                __preinit_array_start = .
 *(.preinit_array)
                0x0000000008003d84                __preinit_array_end = .
                0x0000000008003d84                . = ALIGN (0x4)
                0x0000000008003d84                __init_array_start = .
 *(SORT_BY_NAME(.init_array.*))
 *(.init_array)
                0x0000000008003d84                __init_array_end = .
                0x0000000008003d84                . = ALIGN (0x4)
 *crtbegin.o(.ctors)
 *(EXCLUDE_FILE(*crtend.o) .ctors)
 *(SORT_BY_NAME(.ctors.*))
 *crtend.o(.ctors)
                0x0000000008003d84                . = ALIGN (0x4)
 *(.fini)
                0x0000000008003d84                . = ALIGN (0x4)
                0x0000000008003d84                __fini_array_start = .
 *(.fini_array)
 *(SORT_BY_NAME(.fini_array.*))
                0x0000000008003d84                __fini_array_end = .
 *crtbegin.o(.dtors)
 *(EXCLUDE_FILE(*crtend.o) .dtors)
 *(SORT_BY_NAME(.dtors.*))
 *crtend.o(.dtors)
                0x0000000008003d84                . = ALIGN (0x4)
                0x0000000008003d84                _efixed = .
                [!provide]                        PROVIDE (__exidx_start = .)

.vfp11_veneer   0x0000000008003d84        0x0
 .vfp11_veneer  0x0000000008003d84        0x0 linker stubs

.v4_bx          0x0000000008003d84        0x0
 .v4_bx         0x0000000008003d84        0x0 linker stubs

.iplt           0x0000000008003d84        0x0
 .iplt          0x0000000008003d84        0x0 /home/roman/RIOT/examples-miem/distance-gps/bin/unwd-range-l1-r3/cpu/vectors.o

.igot.plt       0x0000000008003d84        0x0
 .igot.plt      0x0000000008003d84        0x0 /home/roman/RIOT/examples-miem/distance-gps/bin/unwd-range-l1-r3/cpu/vectors.o

.rel.dyn        0x0000000008003d84        0x0
 .rel.iplt      0x0000000008003d84        0x0 /home/roman/RIOT/examples-miem/distance-gps/bin/unwd-range-l1-r3/cpu/vectors.o

.ARM.exidx
 *(.ARM.exidx* .gnu.linkonce.armexidx.*)
                [!provide]                        PROVIDE (__exidx_end = .)
                0x0000000008003d84                . = ALIGN (0x4)

.eh_frame
 *(.eh_frame)
                0x0000000008003d84                . = ALIGN (0x4)
                0x0000000008003d84                _etext = .

.stack          0x0000000020000000      0x200
 *(.puf)
                0x0000000020000000                . = ALIGN (0x8)
                0x0000000020000000                _sstack = .
 *(.isr_stack)
 .isr_stack     0x0000000020000000      0x200 /home/roman/RIOT/examples-miem/distance-gps/bin/unwd-range-l1-r3/cortexm_common.a(vectors_cortexm.o)
                0x0000000020000000                isr_stack
                0x0000000020000200                . = ALIGN (0x8)
                0x0000000020000200                _estack = .

.relocate       0x0000000020000200       0x8c load address 0x0000000008003d84
                0x0000000020000200                . = ALIGN (0x4)
                0x0000000020000200                _srelocate = .
 *(.ramfunc .ramfunc.*)
 *(.data .data.*)
 .data.heap_top
                0x0000000020000200        0x4 /home/roman/RIOT/examples-miem/distance-gps/bin/unwd-range-l1-r3/newlib_syscalls_default/syscalls.o
                0x0000000020000200                heap_top
 .data.stdio_uart_isrpipe
                0x0000000020000204       0x14 /home/roman/RIOT/examples-miem/distance-gps/bin/unwd-range-l1-r3/stdio_uart.a(stdio_uart.o)
                0x0000000020000204                stdio_uart_isrpipe
 .data.idle_name
                0x0000000020000218        0x4 /home/roman/RIOT/examples-miem/distance-gps/bin/unwd-range-l1-r3/core.a(kernel_init.o)
                0x0000000020000218                idle_name
 .data.main_name
                0x000000002000021c        0x4 /home/roman/RIOT/examples-miem/distance-gps/bin/unwd-range-l1-r3/core.a(kernel_init.o)
                0x000000002000021c                main_name
 .data.pm_blocker
                0x0000000020000220        0x4 /home/roman/RIOT/examples-miem/distance-gps/bin/unwd-range-l1-r3/pm_layered.a(pm.o)
                0x0000000020000220                pm_blocker
 .data._impure_ptr
                0x0000000020000224        0x4 /opt/gcc-arm-none-eabi-9-2020-q2-update/bin/../lib/gcc/arm-none-eabi/9.3.1/../../../../arm-none-eabi/lib/thumb/v7-m/nofp/libc_nano.a(lib_a-impure.o)
                0x0000000020000224                _impure_ptr
 .data.impure_data
                0x0000000020000228       0x60 /opt/gcc-arm-none-eabi-9-2020-q2-update/bin/../lib/gcc/arm-none-eabi/9.3.1/../../../../arm-none-eabi/lib/thumb/v7-m/nofp/libc_nano.a(lib_a-impure.o)
 *(.openocd .openocd.*)
 .openocd       0x0000000020000288        0x2 /home/roman/RIOT/examples-miem/distance-gps/bin/unwd-range-l1-r3/core.a(sched.o)
                0x0000000020000288                _tcb_name_offset
                0x0000000020000289                max_threads
                0x000000002000028c                . = ALIGN (0x4)
 *fill*         0x000000002000028a        0x2 
                0x000000002000028c                _erelocate = .

.noinit         0x000000002000028c        0x0 load address 0x0000000008003e10
                0x000000002000028c                __noinit_start = .
 *(.noinit)
                0x000000002000028c                . = ALIGN (0x4)
                0x000000002000028c                __noinit_end = .

.bss            0x000000002000028c      0xfac load address 0x0000000008003e10
                0x000000002000028c                . = ALIGN (0x4)
                0x000000002000028c                _sbss = .
                0x000000002000028c                _szero = .
 *(.bss .bss.*)
 .bss.runqueue_bitcache
                0x000000002000028c        0x4 /home/roman/RIOT/examples-miem/distance-gps/bin/unwd-range-l1-r3/core.a(sched.o)
 .bss.sched_active_pid
                0x0000000020000290        0x2 /home/roman/RIOT/examples-miem/distance-gps/bin/unwd-range-l1-r3/core.a(sched.o)
                0x0000000020000290                sched_active_pid
 *fill*         0x0000000020000292        0x2 
 .bss.sched_active_thread
                0x0000000020000294        0x4 /home/roman/RIOT/examples-miem/distance-gps/bin/unwd-range-l1-r3/core.a(sched.o)
                0x0000000020000294                sched_active_thread
 .bss.sched_context_switch_request
                0x0000000020000298        0x4 /home/roman/RIOT/examples-miem/distance-gps/bin/unwd-range-l1-r3/core.a(sched.o)
                0x0000000020000298                sched_context_switch_request
 .bss.sched_num_threads
                0x000000002000029c        0x4 /home/roman/RIOT/examples-miem/distance-gps/bin/unwd-range-l1-r3/core.a(sched.o)
                0x000000002000029c                sched_num_threads
 .bss.sched_runqueues
                0x00000000200002a0       0x40 /home/roman/RIOT/examples-miem/distance-gps/bin/unwd-range-l1-r3/core.a(sched.o)
                0x00000000200002a0                sched_runqueues
 .bss.sched_threads
                0x00000000200002e0       0x84 /home/roman/RIOT/examples-miem/distance-gps/bin/unwd-range-l1-r3/core.a(sched.o)
                0x00000000200002e0                sched_threads
 .bss._rx_buf_mem
                0x0000000020000364       0x40 /home/roman/RIOT/examples-miem/distance-gps/bin/unwd-range-l1-r3/stdio_uart.a(stdio_uart.o)
 .bss.isr_ctx   0x00000000200003a4       0x24 /home/roman/RIOT/examples-miem/distance-gps/bin/unwd-range-l1-r3/stm32_common_periph.a(uart.o)
 .bss.lpm_gpio_brr
                0x00000000200003c8       0x10 /home/roman/RIOT/examples-miem/distance-gps/bin/unwd-range-l1-r3/stm32_common_periph.a(pm.o)
 .bss.lpm_gpio_moder
                0x00000000200003d8       0x20 /home/roman/RIOT/examples-miem/distance-gps/bin/unwd-range-l1-r3/stm32_common_periph.a(pm.o)
 .bss.lpm_gpio_otyper
                0x00000000200003f8       0x10 /home/roman/RIOT/examples-miem/distance-gps/bin/unwd-range-l1-r3/stm32_common_periph.a(pm.o)
 .bss.lpm_gpio_pupdr
                0x0000000020000408       0x20 /home/roman/RIOT/examples-miem/distance-gps/bin/unwd-range-l1-r3/stm32_common_periph.a(pm.o)
 .bss.lpm_usart
                0x0000000020000428        0x3 /home/roman/RIOT/examples-miem/distance-gps/bin/unwd-range-l1-r3/stm32_common_periph.a(pm.o)
 .bss.powermode
                0x000000002000042b        0x1 /home/roman/RIOT/examples-miem/distance-gps/bin/unwd-range-l1-r3/stm32_common_periph.a(pm.o)
 .bss.isr_ctx   0x000000002000042c       0x80 /home/roman/RIOT/examples-miem/distance-gps/bin/unwd-range-l1-r3/stm32_common_periph.a(gpio.o)
 .bss._in_handler
                0x00000000200004ac        0x4 /home/roman/RIOT/examples-miem/distance-gps/bin/unwd-range-l1-r3/xtimer.a(xtimer_core.o)
 .bss._long_cnt
                0x00000000200004b0        0x4 /home/roman/RIOT/examples-miem/distance-gps/bin/unwd-range-l1-r3/xtimer.a(xtimer_core.o)
 .bss._xtimer_high_cnt
                0x00000000200004b4        0x4 /home/roman/RIOT/examples-miem/distance-gps/bin/unwd-range-l1-r3/xtimer.a(xtimer_core.o)
                0x00000000200004b4                _xtimer_high_cnt
 .bss.long_list_head
                0x00000000200004b8        0x4 /home/roman/RIOT/examples-miem/distance-gps/bin/unwd-range-l1-r3/xtimer.a(xtimer_core.o)
 .bss.overflow_list_head
                0x00000000200004bc        0x4 /home/roman/RIOT/examples-miem/distance-gps/bin/unwd-range-l1-r3/xtimer.a(xtimer_core.o)
 .bss.timer_list_head
                0x00000000200004c0        0x4 /home/roman/RIOT/examples-miem/distance-gps/bin/unwd-range-l1-r3/xtimer.a(xtimer_core.o)
 .bss.crashed   0x00000000200004c4        0x4 /home/roman/RIOT/examples-miem/distance-gps/bin/unwd-range-l1-r3/core.a(panic.o)
 .bss.idle_stack
                0x00000000200004c8      0x100 /home/roman/RIOT/examples-miem/distance-gps/bin/unwd-range-l1-r3/core.a(kernel_init.o)
 .bss.main_stack
                0x00000000200005c8      0xc00 /home/roman/RIOT/examples-miem/distance-gps/bin/unwd-range-l1-r3/core.a(kernel_init.o)
 .bss.clock_source_rdy
                0x00000000200011c8        0x4 /home/roman/RIOT/examples-miem/distance-gps/bin/unwd-range-l1-r3/stm32_common.a(stmclk_l0l1.o)
 .bss.cpu_status
                0x00000000200011cc       0x28 /home/roman/RIOT/examples-miem/distance-gps/bin/unwd-range-l1-r3/stm32_common.a(stm_status.o)
                0x00000000200011cc                cpu_status
 .bss.isr_ctx   0x00000000200011f4       0x10 /home/roman/RIOT/examples-miem/distance-gps/bin/unwd-range-l1-r3/stm32_common_periph.a(timer.o)
 .bss._in_handler
                0x0000000020001204        0x4 /home/roman/RIOT/examples-miem/distance-gps/bin/unwd-range-l1-r3/lptimer.a(lptimer_core.o)
 .bss._long_cnt
                0x0000000020001208        0x4 /home/roman/RIOT/examples-miem/distance-gps/bin/unwd-range-l1-r3/lptimer.a(lptimer_core.o)
 .bss._lptimer_high_cnt
                0x000000002000120c        0x4 /home/roman/RIOT/examples-miem/distance-gps/bin/unwd-range-l1-r3/lptimer.a(lptimer_core.o)
                0x000000002000120c                _lptimer_high_cnt
 .bss.long_list_head
                0x0000000020001210        0x4 /home/roman/RIOT/examples-miem/distance-gps/bin/unwd-range-l1-r3/lptimer.a(lptimer_core.o)
 .bss.overflow_list_head
                0x0000000020001214        0x4 /home/roman/RIOT/examples-miem/distance-gps/bin/unwd-range-l1-r3/lptimer.a(lptimer_core.o)
 .bss.timer_list_head
                0x0000000020001218        0x4 /home/roman/RIOT/examples-miem/distance-gps/bin/unwd-range-l1-r3/lptimer.a(lptimer_core.o)
 .bss.arg_a     0x000000002000121c        0x4 /home/roman/RIOT/examples-miem/distance-gps/bin/unwd-range-l1-r3/stm32_common_periph.a(rtt.o)
                0x000000002000121c                arg_a
 .bss.cb_a      0x0000000020001220        0x4 /home/roman/RIOT/examples-miem/distance-gps/bin/unwd-range-l1-r3/stm32_common_periph.a(rtt.o)
                0x0000000020001220                cb_a
 .bss.__malloc_free_list
                0x0000000020001224        0x4 /opt/gcc-arm-none-eabi-9-2020-q2-update/bin/../lib/gcc/arm-none-eabi/9.3.1/../../../../arm-none-eabi/lib/thumb/v7-m/nofp/libc_nano.a(lib_a-nano-mallocr.o)
                0x0000000020001224                __malloc_free_list
 .bss.__malloc_sbrk_start
                0x0000000020001228        0x4 /opt/gcc-arm-none-eabi-9-2020-q2-update/bin/../lib/gcc/arm-none-eabi/9.3.1/../../../../arm-none-eabi/lib/thumb/v7-m/nofp/libc_nano.a(lib_a-nano-mallocr.o)
                0x0000000020001228                __malloc_sbrk_start
 *(COMMON)
 COMMON         0x000000002000122c        0x9 /opt/gcc-arm-none-eabi-9-2020-q2-update/bin/../lib/gcc/arm-none-eabi/9.3.1/../../../../arm-none-eabi/lib/thumb/v7-m/nofp/libc_nano.a(lib_a-lock.o)
                0x000000002000122c                __lock___atexit_recursive_mutex
                0x000000002000122d                __lock___arc4random_mutex
                0x000000002000122e                __lock___env_recursive_mutex
                0x000000002000122f                __lock___sinit_recursive_mutex
                0x0000000020001230                __lock___malloc_recursive_mutex
                0x0000000020001231                __lock___at_quick_exit_mutex
                0x0000000020001232                __lock___dd_hash_mutex
                0x0000000020001233                __lock___tz_mutex
                0x0000000020001234                __lock___sfp_recursive_mutex
                0x0000000020001238                . = ALIGN (0x4)
 *fill*         0x0000000020001235        0x3 
                0x0000000020001238                _ebss = .
                0x0000000020001238                _ezero = .
                0x0000000020001238                . = ALIGN (0x4)
                0x0000000020001238                _sheap = .
                0x0000000020014000                _eheap = (ORIGIN (ram) + LENGTH (ram))
                0x0000000020000000                _sram = ORIGIN (ram)
                0x0000000020014000                _eram = (ORIGIN (ram) + LENGTH (ram))
OUTPUT(/home/roman/RIOT/examples-miem/distance-gps/bin/unwd-range-l1-r3/thread.elf elf32-littlearm)
LOAD linker stubs

.debug_info     0x0000000000000000    0x3753b
 .debug_info    0x0000000000000000      0x105 /home/roman/RIOT/examples-miem/distance-gps/bin/unwd-range-l1-r3/cpu/vectors.o
 .debug_info    0x0000000000000105     0x257c /home/roman/RIOT/examples-miem/distance-gps/bin/unwd-range-l1-r3/newlib_syscalls_default/syscalls.o
 .debug_info    0x0000000000002681      0xfe5 /home/roman/RIOT/examples-miem/distance-gps/bin/unwd-range-l1-r3/core.a(sched.o)
 .debug_info    0x0000000000003666     0x1243 /home/roman/RIOT/examples-miem/distance-gps/bin/unwd-range-l1-r3/cortexm_common.a(thread_arch.o)
 .debug_info    0x00000000000048a9     0x1722 /home/roman/RIOT/examples-miem/distance-gps/bin/unwd-range-l1-r3/cortexm_common.a(vectors_cortexm.o)
 .debug_info    0x0000000000005fcb      0xf2b /home/roman/RIOT/examples-miem/distance-gps/bin/unwd-range-l1-r3/cortexm_common.a(irq_arch.o)
 .debug_info    0x0000000000006ef6     0x1c75 /home/roman/RIOT/examples-miem/distance-gps/bin/unwd-range-l1-r3/stdio_uart.a(stdio_uart.o)
 .debug_info    0x0000000000008b6b     0x2667 /home/roman/RIOT/examples-miem/distance-gps/bin/unwd-range-l1-r3/stm32_common_periph.a(uart.o)
 .debug_info    0x000000000000b1d2     0x237c /home/roman/RIOT/examples-miem/distance-gps/bin/unwd-range-l1-r3/stm32_common_periph.a(pm.o)
 .debug_info    0x000000000000d54e     0x29bd /home/roman/RIOT/examples-miem/distance-gps/bin/unwd-range-l1-r3/stm32_common_periph.a(gpio.o)
 .debug_info    0x000000000000ff0b     0x2a72 /home/roman/RIOT/examples-miem/distance-gps/bin/unwd-range-l1-r3/xtimer.a(xtimer_core.o)
 .debug_info    0x000000000001297d     0x1abb /home/roman/RIOT/examples-miem/distance-gps/bin/unwd-range-l1-r3/boards_common_unwd.a(board.o)
 .debug_info    0x0000000000014438      0xf52 /home/roman/RIOT/examples-miem/distance-gps/bin/unwd-range-l1-r3/core.a(panic.o)
 .debug_info    0x000000000001538a      0xfc4 /home/roman/RIOT/examples-miem/distance-gps/bin/unwd-range-l1-r3/core.a(kernel_init.o)
 .debug_info    0x000000000001634e     0x13d2 /home/roman/RIOT/examples-miem/distance-gps/bin/unwd-range-l1-r3/core.a(thread.o)
 .debug_info    0x0000000000017720     0x1589 /home/roman/RIOT/examples-miem/distance-gps/bin/unwd-range-l1-r3/cortexm_common.a(cortexm_init.o)
 .debug_info    0x0000000000018ca9     0x2141 /home/roman/RIOT/examples-miem/distance-gps/bin/unwd-range-l1-r3/isrpipe.a(isrpipe.o)
 .debug_info    0x000000000001adea      0xf6e /home/roman/RIOT/examples-miem/distance-gps/bin/unwd-range-l1-r3/pm_layered.a(pm.o)
 .debug_info    0x000000000001bd58     0x1d13 /home/roman/RIOT/examples-miem/distance-gps/bin/unwd-range-l1-r3/stm32_common.a(cpu_init.o)
 .debug_info    0x000000000001da6b     0x1d45 /home/roman/RIOT/examples-miem/distance-gps/bin/unwd-range-l1-r3/stm32_common.a(stmclk_l0l1.o)
 .debug_info    0x000000000001f7b0     0x1cda /home/roman/RIOT/examples-miem/distance-gps/bin/unwd-range-l1-r3/stm32_common.a(cpu_common.o)
 .debug_info    0x000000000002148a     0x1c19 /home/roman/RIOT/examples-miem/distance-gps/bin/unwd-range-l1-r3/stm32_common.a(stm_status.o)
 .debug_info    0x00000000000230a3     0x24bb /home/roman/RIOT/examples-miem/distance-gps/bin/unwd-range-l1-r3/stm32_common_periph.a(timer.o)
 .debug_info    0x000000000002555e      0x434 /home/roman/RIOT/examples-miem/distance-gps/bin/unwd-range-l1-r3/tsrb.a(tsrb.o)
 .debug_info    0x0000000000025992       0x3c /home/roman/RIOT/examples-miem/distance-gps/bin/unwd-range-l1-r3/periph_common.a(init.o)
 .debug_info    0x00000000000259ce     0x1dd1 /home/roman/RIOT/examples-miem/distance-gps/bin/unwd-range-l1-r3/application_thread.a(main.o)
 .debug_info    0x000000000002779f     0x1a6a /home/roman/RIOT/examples-miem/distance-gps/bin/unwd-range-l1-r3/auto_init.a(auto_init.o)
 .debug_info    0x0000000000029209      0xa64 /home/roman/RIOT/examples-miem/distance-gps/bin/unwd-range-l1-r3/cmsis-dsp.a(arm_mult_q31.o)
 .debug_info    0x0000000000029c6d      0xa01 /home/roman/RIOT/examples-miem/distance-gps/bin/unwd-range-l1-r3/cmsis-dsp.a(arm_abs_q31.o)
 .debug_info    0x000000000002a66e      0xa64 /home/roman/RIOT/examples-miem/distance-gps/bin/unwd-range-l1-r3/cmsis-dsp.a(arm_add_q31.o)
 .debug_info    0x000000000002b0d2     0x1163 /home/roman/RIOT/examples-miem/distance-gps/bin/unwd-range-l1-r3/cmsis-dsp.a(arm_sin_q31.o)
 .debug_info    0x000000000002c235     0x1163 /home/roman/RIOT/examples-miem/distance-gps/bin/unwd-range-l1-r3/cmsis-dsp.a(arm_cos_q31.o)
 .debug_info    0x000000000002d398     0x123f /home/roman/RIOT/examples-miem/distance-gps/bin/unwd-range-l1-r3/cmsis-dsp.a(arm_sqrt_q31.o)
 .debug_info    0x000000000002e5d7     0x141e /home/roman/RIOT/examples-miem/distance-gps/bin/unwd-range-l1-r3/cmsis-dsp.a(arm_common_tables.o)
 .debug_info    0x000000000002f9f5     0x105f /home/roman/RIOT/examples-miem/distance-gps/bin/unwd-range-l1-r3/core.a(mutex.o)
 .debug_info    0x0000000000030a54     0x2b6e /home/roman/RIOT/examples-miem/distance-gps/bin/unwd-range-l1-r3/lptimer.a(lptimer_core.o)
 .debug_info    0x00000000000335c2     0x23de /home/roman/RIOT/examples-miem/distance-gps/bin/unwd-range-l1-r3/stm32_common_periph.a(rtt.o)
 .debug_info    0x00000000000359a0     0x1b9b /home/roman/RIOT/examples-miem/distance-gps/bin/unwd-range-l1-r3/stm32_common.a(stmclk_common.o)

.debug_abbrev   0x0000000000000000     0x73c8
 .debug_abbrev  0x0000000000000000       0xcf /home/roman/RIOT/examples-miem/distance-gps/bin/unwd-range-l1-r3/cpu/vectors.o
 .debug_abbrev  0x00000000000000cf      0x4c0 /home/roman/RIOT/examples-miem/distance-gps/bin/unwd-range-l1-r3/newlib_syscalls_default/syscalls.o
 .debug_abbrev  0x000000000000058f      0x39f /home/roman/RIOT/examples-miem/distance-gps/bin/unwd-range-l1-r3/core.a(sched.o)
 .debug_abbrev  0x000000000000092e      0x36c /home/roman/RIOT/examples-miem/distance-gps/bin/unwd-range-l1-r3/cortexm_common.a(thread_arch.o)
 .debug_abbrev  0x0000000000000c9a      0x3f1 /home/roman/RIOT/examples-miem/distance-gps/bin/unwd-range-l1-r3/cortexm_common.a(vectors_cortexm.o)
 .debug_abbrev  0x000000000000108b      0x2e7 /home/roman/RIOT/examples-miem/distance-gps/bin/unwd-range-l1-r3/cortexm_common.a(irq_arch.o)
 .debug_abbrev  0x0000000000001372      0x2b8 /home/roman/RIOT/examples-miem/distance-gps/bin/unwd-range-l1-r3/stdio_uart.a(stdio_uart.o)
 .debug_abbrev  0x000000000000162a      0x4ea /home/roman/RIOT/examples-miem/distance-gps/bin/unwd-range-l1-r3/stm32_common_periph.a(uart.o)
 .debug_abbrev  0x0000000000001b14      0x442 /home/roman/RIOT/examples-miem/distance-gps/bin/unwd-range-l1-r3/stm32_common_periph.a(pm.o)
 .debug_abbrev  0x0000000000001f56      0x549 /home/roman/RIOT/examples-miem/distance-gps/bin/unwd-range-l1-r3/stm32_common_periph.a(gpio.o)
 .debug_abbrev  0x000000000000249f      0x60f /home/roman/RIOT/examples-miem/distance-gps/bin/unwd-range-l1-r3/xtimer.a(xtimer_core.o)
 .debug_abbrev  0x0000000000002aae      0x249 /home/roman/RIOT/examples-miem/distance-gps/bin/unwd-range-l1-r3/boards_common_unwd.a(board.o)
 .debug_abbrev  0x0000000000002cf7      0x2a0 /home/roman/RIOT/examples-miem/distance-gps/bin/unwd-range-l1-r3/core.a(panic.o)
 .debug_abbrev  0x0000000000002f97      0x274 /home/roman/RIOT/examples-miem/distance-gps/bin/unwd-range-l1-r3/core.a(kernel_init.o)
 .debug_abbrev  0x000000000000320b      0x394 /home/roman/RIOT/examples-miem/distance-gps/bin/unwd-range-l1-r3/core.a(thread.o)
 .debug_abbrev  0x000000000000359f      0x3c7 /home/roman/RIOT/examples-miem/distance-gps/bin/unwd-range-l1-r3/cortexm_common.a(cortexm_init.o)
 .debug_abbrev  0x0000000000003966      0x3a8 /home/roman/RIOT/examples-miem/distance-gps/bin/unwd-range-l1-r3/isrpipe.a(isrpipe.o)
 .debug_abbrev  0x0000000000003d0e      0x269 /home/roman/RIOT/examples-miem/distance-gps/bin/unwd-range-l1-r3/pm_layered.a(pm.o)
 .debug_abbrev  0x0000000000003f77      0x29a /home/roman/RIOT/examples-miem/distance-gps/bin/unwd-range-l1-r3/stm32_common.a(cpu_init.o)
 .debug_abbrev  0x0000000000004211      0x2be /home/roman/RIOT/examples-miem/distance-gps/bin/unwd-range-l1-r3/stm32_common.a(stmclk_l0l1.o)
 .debug_abbrev  0x00000000000044cf      0x335 /home/roman/RIOT/examples-miem/distance-gps/bin/unwd-range-l1-r3/stm32_common.a(cpu_common.o)
 .debug_abbrev  0x0000000000004804      0x2c9 /home/roman/RIOT/examples-miem/distance-gps/bin/unwd-range-l1-r3/stm32_common.a(stm_status.o)
 .debug_abbrev  0x0000000000004acd      0x480 /home/roman/RIOT/examples-miem/distance-gps/bin/unwd-range-l1-r3/stm32_common_periph.a(timer.o)
 .debug_abbrev  0x0000000000004f4d      0x1c9 /home/roman/RIOT/examples-miem/distance-gps/bin/unwd-range-l1-r3/tsrb.a(tsrb.o)
 .debug_abbrev  0x0000000000005116       0x31 /home/roman/RIOT/examples-miem/distance-gps/bin/unwd-range-l1-r3/periph_common.a(init.o)
 .debug_abbrev  0x0000000000005147      0x2d4 /home/roman/RIOT/examples-miem/distance-gps/bin/unwd-range-l1-r3/application_thread.a(main.o)
 .debug_abbrev  0x000000000000541b      0x248 /home/roman/RIOT/examples-miem/distance-gps/bin/unwd-range-l1-r3/auto_init.a(auto_init.o)
 .debug_abbrev  0x0000000000005663      0x21d /home/roman/RIOT/examples-miem/distance-gps/bin/unwd-range-l1-r3/cmsis-dsp.a(arm_mult_q31.o)
 .debug_abbrev  0x0000000000005880      0x1ed /home/roman/RIOT/examples-miem/distance-gps/bin/unwd-range-l1-r3/cmsis-dsp.a(arm_abs_q31.o)
 .debug_abbrev  0x0000000000005a6d      0x21d /home/roman/RIOT/examples-miem/distance-gps/bin/unwd-range-l1-r3/cmsis-dsp.a(arm_add_q31.o)
 .debug_abbrev  0x0000000000005c8a      0x1f1 /home/roman/RIOT/examples-miem/distance-gps/bin/unwd-range-l1-r3/cmsis-dsp.a(arm_sin_q31.o)
 .debug_abbrev  0x0000000000005e7b      0x1f1 /home/roman/RIOT/examples-miem/distance-gps/bin/unwd-range-l1-r3/cmsis-dsp.a(arm_cos_q31.o)
 .debug_abbrev  0x000000000000606c      0x20c /home/roman/RIOT/examples-miem/distance-gps/bin/unwd-range-l1-r3/cmsis-dsp.a(arm_sqrt_q31.o)
 .debug_abbrev  0x0000000000006278      0x1b6 /home/roman/RIOT/examples-miem/distance-gps/bin/unwd-range-l1-r3/cmsis-dsp.a(arm_common_tables.o)
 .debug_abbrev  0x000000000000642e      0x311 /home/roman/RIOT/examples-miem/distance-gps/bin/unwd-range-l1-r3/core.a(mutex.o)
 .debug_abbrev  0x000000000000673f      0x654 /home/roman/RIOT/examples-miem/distance-gps/bin/unwd-range-l1-r3/lptimer.a(lptimer_core.o)
 .debug_abbrev  0x0000000000006d93      0x3f1 /home/roman/RIOT/examples-miem/distance-gps/bin/unwd-range-l1-r3/stm32_common_periph.a(rtt.o)
 .debug_abbrev  0x0000000000007184      0x244 /home/roman/RIOT/examples-miem/distance-gps/bin/unwd-range-l1-r3/stm32_common.a(stmclk_common.o)

.debug_aranges  0x0000000000000000      0x970
 .debug_aranges
                0x0000000000000000       0x20 /home/roman/RIOT/examples-miem/distance-gps/bin/unwd-range-l1-r3/cpu/vectors.o
 .debug_aranges
                0x0000000000000020       0xb8 /home/roman/RIOT/examples-miem/distance-gps/bin/unwd-range-l1-r3/newlib_syscalls_default/syscalls.o
 .debug_aranges
                0x00000000000000d8       0x38 /home/roman/RIOT/examples-miem/distance-gps/bin/unwd-range-l1-r3/core.a(sched.o)
 .debug_aranges
                0x0000000000000110       0x60 /home/roman/RIOT/examples-miem/distance-gps/bin/unwd-range-l1-r3/cortexm_common.a(thread_arch.o)
 .debug_aranges
                0x0000000000000170       0x68 /home/roman/RIOT/examples-miem/distance-gps/bin/unwd-range-l1-r3/cortexm_common.a(vectors_cortexm.o)
 .debug_aranges
                0x00000000000001d8       0x38 /home/roman/RIOT/examples-miem/distance-gps/bin/unwd-range-l1-r3/cortexm_common.a(irq_arch.o)
 .debug_aranges
                0x0000000000000210       0x30 /home/roman/RIOT/examples-miem/distance-gps/bin/unwd-range-l1-r3/stdio_uart.a(stdio_uart.o)
 .debug_aranges
                0x0000000000000240       0x68 /home/roman/RIOT/examples-miem/distance-gps/bin/unwd-range-l1-r3/stm32_common_periph.a(uart.o)
 .debug_aranges
                0x00000000000002a8       0x38 /home/roman/RIOT/examples-miem/distance-gps/bin/unwd-range-l1-r3/stm32_common_periph.a(pm.o)
 .debug_aranges
                0x00000000000002e0       0x80 /home/roman/RIOT/examples-miem/distance-gps/bin/unwd-range-l1-r3/stm32_common_periph.a(gpio.o)
 .debug_aranges
                0x0000000000000360       0x80 /home/roman/RIOT/examples-miem/distance-gps/bin/unwd-range-l1-r3/xtimer.a(xtimer_core.o)
 .debug_aranges
                0x00000000000003e0       0x20 /home/roman/RIOT/examples-miem/distance-gps/bin/unwd-range-l1-r3/boards_common_unwd.a(board.o)
 .debug_aranges
                0x0000000000000400       0x28 /home/roman/RIOT/examples-miem/distance-gps/bin/unwd-range-l1-r3/core.a(panic.o)
 .debug_aranges
                0x0000000000000428       0x30 /home/roman/RIOT/examples-miem/distance-gps/bin/unwd-range-l1-r3/core.a(kernel_init.o)
 .debug_aranges
                0x0000000000000458       0x60 /home/roman/RIOT/examples-miem/distance-gps/bin/unwd-range-l1-r3/core.a(thread.o)
 .debug_aranges
                0x00000000000004b8       0x38 /home/roman/RIOT/examples-miem/distance-gps/bin/unwd-range-l1-r3/cortexm_common.a(cortexm_init.o)
 .debug_aranges
                0x00000000000004f0       0x48 /home/roman/RIOT/examples-miem/distance-gps/bin/unwd-range-l1-r3/isrpipe.a(isrpipe.o)
 .debug_aranges
                0x0000000000000538       0x30 /home/roman/RIOT/examples-miem/distance-gps/bin/unwd-range-l1-r3/pm_layered.a(pm.o)
 .debug_aranges
                0x0000000000000568       0x20 /home/roman/RIOT/examples-miem/distance-gps/bin/unwd-range-l1-r3/stm32_common.a(cpu_init.o)
 .debug_aranges
                0x0000000000000588       0x30 /home/roman/RIOT/examples-miem/distance-gps/bin/unwd-range-l1-r3/stm32_common.a(stmclk_l0l1.o)
 .debug_aranges
                0x00000000000005b8       0x40 /home/roman/RIOT/examples-miem/distance-gps/bin/unwd-range-l1-r3/stm32_common.a(cpu_common.o)
 .debug_aranges
                0x00000000000005f8       0x20 /home/roman/RIOT/examples-miem/distance-gps/bin/unwd-range-l1-r3/stm32_common.a(stm_status.o)
 .debug_aranges
                0x0000000000000618       0x80 /home/roman/RIOT/examples-miem/distance-gps/bin/unwd-range-l1-r3/stm32_common_periph.a(timer.o)
 .debug_aranges
                0x0000000000000698       0x48 /home/roman/RIOT/examples-miem/distance-gps/bin/unwd-range-l1-r3/tsrb.a(tsrb.o)
 .debug_aranges
                0x00000000000006e0       0x20 /home/roman/RIOT/examples-miem/distance-gps/bin/unwd-range-l1-r3/periph_common.a(init.o)
 .debug_aranges
                0x0000000000000700       0x20 /home/roman/RIOT/examples-miem/distance-gps/bin/unwd-range-l1-r3/application_thread.a(main.o)
 .debug_aranges
                0x0000000000000720       0x20 /home/roman/RIOT/examples-miem/distance-gps/bin/unwd-range-l1-r3/auto_init.a(auto_init.o)
 .debug_aranges
                0x0000000000000740       0x20 /home/roman/RIOT/examples-miem/distance-gps/bin/unwd-range-l1-r3/cmsis-dsp.a(arm_mult_q31.o)
 .debug_aranges
                0x0000000000000760       0x20 /home/roman/RIOT/examples-miem/distance-gps/bin/unwd-range-l1-r3/cmsis-dsp.a(arm_abs_q31.o)
 .debug_aranges
                0x0000000000000780       0x20 /home/roman/RIOT/examples-miem/distance-gps/bin/unwd-range-l1-r3/cmsis-dsp.a(arm_add_q31.o)
 .debug_aranges
                0x00000000000007a0       0x20 /home/roman/RIOT/examples-miem/distance-gps/bin/unwd-range-l1-r3/cmsis-dsp.a(arm_sin_q31.o)
 .debug_aranges
                0x00000000000007c0       0x20 /home/roman/RIOT/examples-miem/distance-gps/bin/unwd-range-l1-r3/cmsis-dsp.a(arm_cos_q31.o)
 .debug_aranges
                0x00000000000007e0       0x20 /home/roman/RIOT/examples-miem/distance-gps/bin/unwd-range-l1-r3/cmsis-dsp.a(arm_sqrt_q31.o)
 .debug_aranges
                0x0000000000000800       0x18 /home/roman/RIOT/examples-miem/distance-gps/bin/unwd-range-l1-r3/cmsis-dsp.a(arm_common_tables.o)
 .debug_aranges
                0x0000000000000818       0x30 /home/roman/RIOT/examples-miem/distance-gps/bin/unwd-range-l1-r3/core.a(mutex.o)
 .debug_aranges
                0x0000000000000848       0x80 /home/roman/RIOT/examples-miem/distance-gps/bin/unwd-range-l1-r3/lptimer.a(lptimer_core.o)
 .debug_aranges
                0x00000000000008c8       0x60 /home/roman/RIOT/examples-miem/distance-gps/bin/unwd-range-l1-r3/stm32_common_periph.a(rtt.o)
 .debug_aranges
                0x0000000000000928       0x48 /home/roman/RIOT/examples-miem/distance-gps/bin/unwd-range-l1-r3/stm32_common.a(stmclk_common.o)

.debug_ranges   0x0000000000000000     0x15d8
 .debug_ranges  0x0000000000000000       0x10 /home/roman/RIOT/examples-miem/distance-gps/bin/unwd-range-l1-r3/cpu/vectors.o
 .debug_ranges  0x0000000000000010      0x110 /home/roman/RIOT/examples-miem/distance-gps/bin/unwd-range-l1-r3/newlib_syscalls_default/syscalls.o
 .debug_ranges  0x0000000000000120       0x88 /home/roman/RIOT/examples-miem/distance-gps/bin/unwd-range-l1-r3/core.a(sched.o)
 .debug_ranges  0x00000000000001a8       0xa0 /home/roman/RIOT/examples-miem/distance-gps/bin/unwd-range-l1-r3/cortexm_common.a(thread_arch.o)
 .debug_ranges  0x0000000000000248       0x58 /home/roman/RIOT/examples-miem/distance-gps/bin/unwd-range-l1-r3/cortexm_common.a(vectors_cortexm.o)
 .debug_ranges  0x00000000000002a0       0x28 /home/roman/RIOT/examples-miem/distance-gps/bin/unwd-range-l1-r3/cortexm_common.a(irq_arch.o)
 .debug_ranges  0x00000000000002c8       0x20 /home/roman/RIOT/examples-miem/distance-gps/bin/unwd-range-l1-r3/stdio_uart.a(stdio_uart.o)
 .debug_ranges  0x00000000000002e8      0x160 /home/roman/RIOT/examples-miem/distance-gps/bin/unwd-range-l1-r3/stm32_common_periph.a(uart.o)
 .debug_ranges  0x0000000000000448       0xa0 /home/roman/RIOT/examples-miem/distance-gps/bin/unwd-range-l1-r3/stm32_common_periph.a(pm.o)
 .debug_ranges  0x00000000000004e8      0x288 /home/roman/RIOT/examples-miem/distance-gps/bin/unwd-range-l1-r3/stm32_common_periph.a(gpio.o)
 .debug_ranges  0x0000000000000770      0x320 /home/roman/RIOT/examples-miem/distance-gps/bin/unwd-range-l1-r3/xtimer.a(xtimer_core.o)
 .debug_ranges  0x0000000000000a90       0x10 /home/roman/RIOT/examples-miem/distance-gps/bin/unwd-range-l1-r3/boards_common_unwd.a(board.o)
 .debug_ranges  0x0000000000000aa0       0x18 /home/roman/RIOT/examples-miem/distance-gps/bin/unwd-range-l1-r3/core.a(panic.o)
 .debug_ranges  0x0000000000000ab8       0x20 /home/roman/RIOT/examples-miem/distance-gps/bin/unwd-range-l1-r3/core.a(kernel_init.o)
 .debug_ranges  0x0000000000000ad8       0xc0 /home/roman/RIOT/examples-miem/distance-gps/bin/unwd-range-l1-r3/core.a(thread.o)
 .debug_ranges  0x0000000000000b98       0xa0 /home/roman/RIOT/examples-miem/distance-gps/bin/unwd-range-l1-r3/cortexm_common.a(cortexm_init.o)
 .debug_ranges  0x0000000000000c38       0x78 /home/roman/RIOT/examples-miem/distance-gps/bin/unwd-range-l1-r3/isrpipe.a(isrpipe.o)
 .debug_ranges  0x0000000000000cb0       0x20 /home/roman/RIOT/examples-miem/distance-gps/bin/unwd-range-l1-r3/pm_layered.a(pm.o)
 .debug_ranges  0x0000000000000cd0       0x10 /home/roman/RIOT/examples-miem/distance-gps/bin/unwd-range-l1-r3/stm32_common.a(cpu_init.o)
 .debug_ranges  0x0000000000000ce0       0x38 /home/roman/RIOT/examples-miem/distance-gps/bin/unwd-range-l1-r3/stm32_common.a(stmclk_l0l1.o)
 .debug_ranges  0x0000000000000d18       0x30 /home/roman/RIOT/examples-miem/distance-gps/bin/unwd-range-l1-r3/stm32_common.a(cpu_common.o)
 .debug_ranges  0x0000000000000d48      0x110 /home/roman/RIOT/examples-miem/distance-gps/bin/unwd-range-l1-r3/stm32_common.a(stm_status.o)
 .debug_ranges  0x0000000000000e58      0x188 /home/roman/RIOT/examples-miem/distance-gps/bin/unwd-range-l1-r3/stm32_common_periph.a(timer.o)
 .debug_ranges  0x0000000000000fe0       0x98 /home/roman/RIOT/examples-miem/distance-gps/bin/unwd-range-l1-r3/tsrb.a(tsrb.o)
 .debug_ranges  0x0000000000001078       0x10 /home/roman/RIOT/examples-miem/distance-gps/bin/unwd-range-l1-r3/periph_common.a(init.o)
 .debug_ranges  0x0000000000001088       0x10 /home/roman/RIOT/examples-miem/distance-gps/bin/unwd-range-l1-r3/application_thread.a(main.o)
 .debug_ranges  0x0000000000001098       0x10 /home/roman/RIOT/examples-miem/distance-gps/bin/unwd-range-l1-r3/auto_init.a(auto_init.o)
 .debug_ranges  0x00000000000010a8       0x30 /home/roman/RIOT/examples-miem/distance-gps/bin/unwd-range-l1-r3/cmsis-dsp.a(arm_mult_q31.o)
 .debug_ranges  0x00000000000010d8       0x10 /home/roman/RIOT/examples-miem/distance-gps/bin/unwd-range-l1-r3/cmsis-dsp.a(arm_abs_q31.o)
 .debug_ranges  0x00000000000010e8       0x28 /home/roman/RIOT/examples-miem/distance-gps/bin/unwd-range-l1-r3/cmsis-dsp.a(arm_add_q31.o)
 .debug_ranges  0x0000000000001110       0x10 /home/roman/RIOT/examples-miem/distance-gps/bin/unwd-range-l1-r3/cmsis-dsp.a(arm_sin_q31.o)
 .debug_ranges  0x0000000000001120       0x10 /home/roman/RIOT/examples-miem/distance-gps/bin/unwd-range-l1-r3/cmsis-dsp.a(arm_cos_q31.o)
 .debug_ranges  0x0000000000001130       0x10 /home/roman/RIOT/examples-miem/distance-gps/bin/unwd-range-l1-r3/cmsis-dsp.a(arm_sqrt_q31.o)
 .debug_ranges  0x0000000000001140       0x80 /home/roman/RIOT/examples-miem/distance-gps/bin/unwd-range-l1-r3/core.a(mutex.o)
 .debug_ranges  0x00000000000011c0      0x360 /home/roman/RIOT/examples-miem/distance-gps/bin/unwd-range-l1-r3/lptimer.a(lptimer_core.o)
 .debug_ranges  0x0000000000001520       0x80 /home/roman/RIOT/examples-miem/distance-gps/bin/unwd-range-l1-r3/stm32_common_periph.a(rtt.o)
 .debug_ranges  0x00000000000015a0       0x38 /home/roman/RIOT/examples-miem/distance-gps/bin/unwd-range-l1-r3/stm32_common.a(stmclk_common.o)

.debug_macro    0x0000000000000000    0x2c16c
 .debug_macro   0x0000000000000000       0xe2 /home/roman/RIOT/examples-miem/distance-gps/bin/unwd-range-l1-r3/cpu/vectors.o
 .debug_macro   0x00000000000000e2      0xa90 /home/roman/RIOT/examples-miem/distance-gps/bin/unwd-range-l1-r3/cpu/vectors.o
 .debug_macro   0x0000000000000b72      0x124 /home/roman/RIOT/examples-miem/distance-gps/bin/unwd-range-l1-r3/cpu/vectors.o
 .debug_macro   0x0000000000000c96       0x22 /home/roman/RIOT/examples-miem/distance-gps/bin/unwd-range-l1-r3/cpu/vectors.o
 .debug_macro   0x0000000000000cb8       0x56 /home/roman/RIOT/examples-miem/distance-gps/bin/unwd-range-l1-r3/cpu/vectors.o
 .debug_macro   0x0000000000000d0e       0x51 /home/roman/RIOT/examples-miem/distance-gps/bin/unwd-range-l1-r3/cpu/vectors.o
 .debug_macro   0x0000000000000d5f      0x103 /home/roman/RIOT/examples-miem/distance-gps/bin/unwd-range-l1-r3/cpu/vectors.o
 .debug_macro   0x0000000000000e62       0x6a /home/roman/RIOT/examples-miem/distance-gps/bin/unwd-range-l1-r3/cpu/vectors.o
 .debug_macro   0x0000000000000ecc      0x1df /home/roman/RIOT/examples-miem/distance-gps/bin/unwd-range-l1-r3/cpu/vectors.o
 .debug_macro   0x00000000000010ab       0x10 /home/roman/RIOT/examples-miem/distance-gps/bin/unwd-range-l1-r3/cpu/vectors.o
 .debug_macro   0x00000000000010bb       0x2e /home/roman/RIOT/examples-miem/distance-gps/bin/unwd-range-l1-r3/cpu/vectors.o
 .debug_macro   0x00000000000010e9       0x70 /home/roman/RIOT/examples-miem/distance-gps/bin/unwd-range-l1-r3/cpu/vectors.o
 .debug_macro   0x0000000000001159       0x1c /home/roman/RIOT/examples-miem/distance-gps/bin/unwd-range-l1-r3/cpu/vectors.o
 .debug_macro   0x0000000000001175       0x22 /home/roman/RIOT/examples-miem/distance-gps/bin/unwd-range-l1-r3/cpu/vectors.o
 .debug_macro   0x0000000000001197       0xc3 /home/roman/RIOT/examples-miem/distance-gps/bin/unwd-range-l1-r3/cpu/vectors.o
 .debug_macro   0x000000000000125a      0xe49 /home/roman/RIOT/examples-miem/distance-gps/bin/unwd-range-l1-r3/cpu/vectors.o
 .debug_macro   0x00000000000020a3      0x11f /home/roman/RIOT/examples-miem/distance-gps/bin/unwd-range-l1-r3/cpu/vectors.o
 .debug_macro   0x00000000000021c2     0x72f1 /home/roman/RIOT/examples-miem/distance-gps/bin/unwd-range-l1-r3/cpu/vectors.o
 .debug_macro   0x00000000000094b3       0x6a /home/roman/RIOT/examples-miem/distance-gps/bin/unwd-range-l1-r3/cpu/vectors.o
 .debug_macro   0x000000000000951d       0x16 /home/roman/RIOT/examples-miem/distance-gps/bin/unwd-range-l1-r3/cpu/vectors.o
 .debug_macro   0x0000000000009533      0x4bb /home/roman/RIOT/examples-miem/distance-gps/bin/unwd-range-l1-r3/newlib_syscalls_default/syscalls.o
 .debug_macro   0x00000000000099ee      0xa90 /home/roman/RIOT/examples-miem/distance-gps/bin/unwd-range-l1-r3/newlib_syscalls_default/syscalls.o
 .debug_macro   0x000000000000a47e       0x4c /home/roman/RIOT/examples-miem/distance-gps/bin/unwd-range-l1-r3/newlib_syscalls_default/syscalls.o
 .debug_macro   0x000000000000a4ca       0x18 /home/roman/RIOT/examples-miem/distance-gps/bin/unwd-range-l1-r3/newlib_syscalls_default/syscalls.o
 .debug_macro   0x000000000000a4e2       0x5c /home/roman/RIOT/examples-miem/distance-gps/bin/unwd-range-l1-r3/newlib_syscalls_default/syscalls.o
 .debug_macro   0x000000000000a53e       0x3c /home/roman/RIOT/examples-miem/distance-gps/bin/unwd-range-l1-r3/newlib_syscalls_default/syscalls.o
 .debug_macro   0x000000000000a57a       0x34 /home/roman/RIOT/examples-miem/distance-gps/bin/unwd-range-l1-r3/newlib_syscalls_default/syscalls.o
 .debug_macro   0x000000000000a5ae       0x10 /home/roman/RIOT/examples-miem/distance-gps/bin/unwd-range-l1-r3/newlib_syscalls_default/syscalls.o
 .debug_macro   0x000000000000a5be       0x57 /home/roman/RIOT/examples-miem/distance-gps/bin/unwd-range-l1-r3/newlib_syscalls_default/syscalls.o
 .debug_macro   0x000000000000a615       0xcf /home/roman/RIOT/examples-miem/distance-gps/bin/unwd-range-l1-r3/newlib_syscalls_default/syscalls.o
 .debug_macro   0x000000000000a6e4      0x35c /home/roman/RIOT/examples-miem/distance-gps/bin/unwd-range-l1-r3/newlib_syscalls_default/syscalls.o
 .debug_macro   0x000000000000aa40       0x10 /home/roman/RIOT/examples-miem/distance-gps/bin/unwd-range-l1-r3/newlib_syscalls_default/syscalls.o
 .debug_macro   0x000000000000aa50       0x16 /home/roman/RIOT/examples-miem/distance-gps/bin/unwd-range-l1-r3/newlib_syscalls_default/syscalls.o
 .debug_macro   0x000000000000aa66       0x20 /home/roman/RIOT/examples-miem/distance-gps/bin/unwd-range-l1-r3/newlib_syscalls_default/syscalls.o
 .debug_macro   0x000000000000aa86       0x34 /home/roman/RIOT/examples-miem/distance-gps/bin/unwd-range-l1-r3/newlib_syscalls_default/syscalls.o
 .debug_macro   0x000000000000aaba       0xb2 /home/roman/RIOT/examples-miem/distance-gps/bin/unwd-range-l1-r3/newlib_syscalls_default/syscalls.o
 .debug_macro   0x000000000000ab6c       0xb7 /home/roman/RIOT/examples-miem/distance-gps/bin/unwd-range-l1-r3/newlib_syscalls_default/syscalls.o
 .debug_macro   0x000000000000ac23      0x4fe /home/roman/RIOT/examples-miem/distance-gps/bin/unwd-range-l1-r3/newlib_syscalls_default/syscalls.o
 .debug_macro   0x000000000000b121       0x10 /home/roman/RIOT/examples-miem/distance-gps/bin/unwd-range-l1-r3/newlib_syscalls_default/syscalls.o
 .debug_macro   0x000000000000b131       0x58 /home/roman/RIOT/examples-miem/distance-gps/bin/unwd-range-l1-r3/newlib_syscalls_default/syscalls.o
 .debug_macro   0x000000000000b189       0x71 /home/roman/RIOT/examples-miem/distance-gps/bin/unwd-range-l1-r3/newlib_syscalls_default/syscalls.o
 .debug_macro   0x000000000000b1fa       0x35 /home/roman/RIOT/examples-miem/distance-gps/bin/unwd-range-l1-r3/newlib_syscalls_default/syscalls.o
 .debug_macro   0x000000000000b22f       0x10 /home/roman/RIOT/examples-miem/distance-gps/bin/unwd-range-l1-r3/newlib_syscalls_default/syscalls.o
 .debug_macro   0x000000000000b23f      0x12a /home/roman/RIOT/examples-miem/distance-gps/bin/unwd-range-l1-r3/newlib_syscalls_default/syscalls.o
 .debug_macro   0x000000000000b369       0x10 /home/roman/RIOT/examples-miem/distance-gps/bin/unwd-range-l1-r3/newlib_syscalls_default/syscalls.o
 .debug_macro   0x000000000000b379       0x35 /home/roman/RIOT/examples-miem/distance-gps/bin/unwd-range-l1-r3/newlib_syscalls_default/syscalls.o
 .debug_macro   0x000000000000b3ae       0x10 /home/roman/RIOT/examples-miem/distance-gps/bin/unwd-range-l1-r3/newlib_syscalls_default/syscalls.o
 .debug_macro   0x000000000000b3be      0x241 /home/roman/RIOT/examples-miem/distance-gps/bin/unwd-range-l1-r3/newlib_syscalls_default/syscalls.o
 .debug_macro   0x000000000000b5ff       0x16 /home/roman/RIOT/examples-miem/distance-gps/bin/unwd-range-l1-r3/newlib_syscalls_default/syscalls.o
 .debug_macro   0x000000000000b615       0x10 /home/roman/RIOT/examples-miem/distance-gps/bin/unwd-range-l1-r3/newlib_syscalls_default/syscalls.o
 .debug_macro   0x000000000000b625       0x16 /home/roman/RIOT/examples-miem/distance-gps/bin/unwd-range-l1-r3/newlib_syscalls_default/syscalls.o
 .debug_macro   0x000000000000b63b       0xff /home/roman/RIOT/examples-miem/distance-gps/bin/unwd-range-l1-r3/newlib_syscalls_default/syscalls.o
 .debug_macro   0x000000000000b73a       0x16 /home/roman/RIOT/examples-miem/distance-gps/bin/unwd-range-l1-r3/newlib_syscalls_default/syscalls.o
 .debug_macro   0x000000000000b750       0x22 /home/roman/RIOT/examples-miem/distance-gps/bin/unwd-range-l1-r3/newlib_syscalls_default/syscalls.o
 .debug_macro   0x000000000000b772       0x16 /home/roman/RIOT/examples-miem/distance-gps/bin/unwd-range-l1-r3/newlib_syscalls_default/syscalls.o
 .debug_macro   0x000000000000b788       0x16 /home/roman/RIOT/examples-miem/distance-gps/bin/unwd-range-l1-r3/newlib_syscalls_default/syscalls.o
 .debug_macro   0x000000000000b79e       0x10 /home/roman/RIOT/examples-miem/distance-gps/bin/unwd-range-l1-r3/newlib_syscalls_default/syscalls.o
 .debug_macro   0x000000000000b7ae       0x10 /home/roman/RIOT/examples-miem/distance-gps/bin/unwd-range-l1-r3/newlib_syscalls_default/syscalls.o
 .debug_macro   0x000000000000b7be       0x2e /home/roman/RIOT/examples-miem/distance-gps/bin/unwd-range-l1-r3/newlib_syscalls_default/syscalls.o
 .debug_macro   0x000000000000b7ec      0x102 /home/roman/RIOT/examples-miem/distance-gps/bin/unwd-range-l1-r3/newlib_syscalls_default/syscalls.o
 .debug_macro   0x000000000000b8ee       0x22 /home/roman/RIOT/examples-miem/distance-gps/bin/unwd-range-l1-r3/newlib_syscalls_default/syscalls.o
 .debug_macro   0x000000000000b910       0xbd /home/roman/RIOT/examples-miem/distance-gps/bin/unwd-range-l1-r3/newlib_syscalls_default/syscalls.o
 .debug_macro   0x000000000000b9cd       0xd6 /home/roman/RIOT/examples-miem/distance-gps/bin/unwd-range-l1-r3/newlib_syscalls_default/syscalls.o
 .debug_macro   0x000000000000baa3       0x10 /home/roman/RIOT/examples-miem/distance-gps/bin/unwd-range-l1-r3/newlib_syscalls_default/syscalls.o
 .debug_macro   0x000000000000bab3      0x460 /home/roman/RIOT/examples-miem/distance-gps/bin/unwd-range-l1-r3/newlib_syscalls_default/syscalls.o
 .debug_macro   0x000000000000bf13       0x7c /home/roman/RIOT/examples-miem/distance-gps/bin/unwd-range-l1-r3/newlib_syscalls_default/syscalls.o